../Src/EXTI_program.c:30:16:MCAL_EXTI_Init	16	static
../Src/EXTI_program.c:52:16:MCAL_EXTI_EnableLine	24	static
../Src/EXTI_program.c:68:16:MCAL_EXTI_DisableLine	24	static
../Src/EXTI_program.c:84:16:MCAL_EXTI_SetTrigger	24	static
../Src/EXTI_program.c:118:16:MCAL_EXTI_ClearPending	24	static
../Src/EXTI_program.c:134:16:MCAL_EXTI_SW_INT	24	static
../Src/EXTI_program.c:150:16:MCAL_EXTI_EnableEvent	24	static
../Src/EXTI_program.c:166:16:MCAL_EXTI_DisablEvent	24	static
../Src/EXTI_program.c:182:16:MCAL_EXTI_SetCallback	24	static
../Src/EXTI_program.c:195:6:EXTI0_IRQHandler	8	static
../Src/EXTI_program.c:204:6:EXTI1_IRQHandler	8	static
../Src/EXTI_program.c:213:6:EXTI2_IRQHandler	8	static
../Src/EXTI_program.c:222:6:EXTI3_IRQHandler	8	static
../Src/EXTI_program.c:231:6:EXTI4_IRQHandler	8	static
../Src/EXTI_program.c:240:6:EXTI5_IRQHandler	8	static
../Src/EXTI_program.c:249:6:EXTI6_IRQHandler	8	static
../Src/EXTI_program.c:258:6:EXTI7_IRQHandler	8	static
../Src/EXTI_program.c:267:6:EXTI8_IRQHandler	8	static
../Src/EXTI_program.c:276:6:EXTI9_IRQHandler	8	static
../Src/EXTI_program.c:285:6:EXTI10_IRQHandler	8	static
../Src/EXTI_program.c:294:6:EXTI11_IRQHandler	8	static
../Src/EXTI_program.c:303:6:EXTI12_IRQHandler	8	static
../Src/EXTI_program.c:312:6:EXTI13_IRQHandler	8	static
../Src/EXTI_program.c:321:6:EXTI14_IRQHandler	8	static
../Src/EXTI_program.c:330:6:EXTI15_IRQHandler	8	static
