Archive member included to satisfy reference by file (symbol)

e:/programs/st/stm32cubeide_1.10.1/stm32cubeide/plugins/com.st.stm32cube.ide.mcu.externaltools.gnu-tools-for-stm32.10.3-2021.10.win32_1.0.200.202301161003/tools/bin/../lib/gcc/arm-none-eabi/10.3.1/../../../../arm-none-eabi/lib/thumb/v7-m/nofp\libc_nano.a(lib_a-errno.o)
                              ./Src/syscalls.o (__errno)
e:/programs/st/stm32cubeide_1.10.1/stm32cubeide/plugins/com.st.stm32cube.ide.mcu.externaltools.gnu-tools-for-stm32.10.3-2021.10.win32_1.0.200.202301161003/tools/bin/../lib/gcc/arm-none-eabi/10.3.1/../../../../arm-none-eabi/lib/thumb/v7-m/nofp\libc_nano.a(lib_a-exit.o)
                              e:/programs/st/stm32cubeide_1.10.1/stm32cubeide/plugins/com.st.stm32cube.ide.mcu.externaltools.gnu-tools-for-stm32.10.3-2021.10.win32_1.0.200.202301161003/tools/bin/../lib/gcc/arm-none-eabi/10.3.1/../../../../arm-none-eabi/lib/thumb/v7-m/nofp/crt0.o (exit)
e:/programs/st/stm32cubeide_1.10.1/stm32cubeide/plugins/com.st.stm32cube.ide.mcu.externaltools.gnu-tools-for-stm32.10.3-2021.10.win32_1.0.200.202301161003/tools/bin/../lib/gcc/arm-none-eabi/10.3.1/../../../../arm-none-eabi/lib/thumb/v7-m/nofp\libc_nano.a(lib_a-impure.o)
                              e:/programs/st/stm32cubeide_1.10.1/stm32cubeide/plugins/com.st.stm32cube.ide.mcu.externaltools.gnu-tools-for-stm32.10.3-2021.10.win32_1.0.200.202301161003/tools/bin/../lib/gcc/arm-none-eabi/10.3.1/../../../../arm-none-eabi/lib/thumb/v7-m/nofp\libc_nano.a(lib_a-exit.o) (_global_impure_ptr)
e:/programs/st/stm32cubeide_1.10.1/stm32cubeide/plugins/com.st.stm32cube.ide.mcu.externaltools.gnu-tools-for-stm32.10.3-2021.10.win32_1.0.200.202301161003/tools/bin/../lib/gcc/arm-none-eabi/10.3.1/../../../../arm-none-eabi/lib/thumb/v7-m/nofp\libc_nano.a(lib_a-init.o)
                              e:/programs/st/stm32cubeide_1.10.1/stm32cubeide/plugins/com.st.stm32cube.ide.mcu.externaltools.gnu-tools-for-stm32.10.3-2021.10.win32_1.0.200.202301161003/tools/bin/../lib/gcc/arm-none-eabi/10.3.1/../../../../arm-none-eabi/lib/thumb/v7-m/nofp/crt0.o (__libc_init_array)
e:/programs/st/stm32cubeide_1.10.1/stm32cubeide/plugins/com.st.stm32cube.ide.mcu.externaltools.gnu-tools-for-stm32.10.3-2021.10.win32_1.0.200.202301161003/tools/bin/../lib/gcc/arm-none-eabi/10.3.1/../../../../arm-none-eabi/lib/thumb/v7-m/nofp\libc_nano.a(lib_a-memset.o)
                              e:/programs/st/stm32cubeide_1.10.1/stm32cubeide/plugins/com.st.stm32cube.ide.mcu.externaltools.gnu-tools-for-stm32.10.3-2021.10.win32_1.0.200.202301161003/tools/bin/../lib/gcc/arm-none-eabi/10.3.1/../../../../arm-none-eabi/lib/thumb/v7-m/nofp/crt0.o (memset)
e:/programs/st/stm32cubeide_1.10.1/stm32cubeide/plugins/com.st.stm32cube.ide.mcu.externaltools.gnu-tools-for-stm32.10.3-2021.10.win32_1.0.200.202301161003/tools/bin/../lib/gcc/arm-none-eabi/10.3.1/thumb/v7-m/nofp\libgcc.a(_arm_muldf3.o)
                              ./Src/SYSTICK_program.o (__aeabi_dmul)
e:/programs/st/stm32cubeide_1.10.1/stm32cubeide/plugins/com.st.stm32cube.ide.mcu.externaltools.gnu-tools-for-stm32.10.3-2021.10.win32_1.0.200.202301161003/tools/bin/../lib/gcc/arm-none-eabi/10.3.1/thumb/v7-m/nofp\libgcc.a(_arm_mulsf3.o)
                              ./Src/SYSTICK_program.o (__aeabi_fmul)
e:/programs/st/stm32cubeide_1.10.1/stm32cubeide/plugins/com.st.stm32cube.ide.mcu.externaltools.gnu-tools-for-stm32.10.3-2021.10.win32_1.0.200.202301161003/tools/bin/../lib/gcc/arm-none-eabi/10.3.1/thumb/v7-m/nofp\libgcc.a(_arm_addsubdf3.o)
                              ./Src/GPT_program.o (__aeabi_i2d)
e:/programs/st/stm32cubeide_1.10.1/stm32cubeide/plugins/com.st.stm32cube.ide.mcu.externaltools.gnu-tools-for-stm32.10.3-2021.10.win32_1.0.200.202301161003/tools/bin/../lib/gcc/arm-none-eabi/10.3.1/thumb/v7-m/nofp\libgcc.a(_arm_muldivdf3.o)
                              ./Src/GPT_program.o (__aeabi_ddiv)
e:/programs/st/stm32cubeide_1.10.1/stm32cubeide/plugins/com.st.stm32cube.ide.mcu.externaltools.gnu-tools-for-stm32.10.3-2021.10.win32_1.0.200.202301161003/tools/bin/../lib/gcc/arm-none-eabi/10.3.1/thumb/v7-m/nofp\libgcc.a(_arm_fixunsdfsi.o)
                              ./Src/GPT_program.o (__aeabi_d2uiz)
e:/programs/st/stm32cubeide_1.10.1/stm32cubeide/plugins/com.st.stm32cube.ide.mcu.externaltools.gnu-tools-for-stm32.10.3-2021.10.win32_1.0.200.202301161003/tools/bin/../lib/gcc/arm-none-eabi/10.3.1/thumb/v7-m/nofp\libgcc.a(_arm_fixunssfsi.o)
                              ./Src/SYSTICK_program.o (__aeabi_f2uiz)

Discarded input sections

 .text          0x0000000000000000        0x0 e:/programs/st/stm32cubeide_1.10.1/stm32cubeide/plugins/com.st.stm32cube.ide.mcu.externaltools.gnu-tools-for-stm32.10.3-2021.10.win32_1.0.200.202301161003/tools/bin/../lib/gcc/arm-none-eabi/10.3.1/thumb/v7-m/nofp/crti.o
 .data          0x0000000000000000        0x0 e:/programs/st/stm32cubeide_1.10.1/stm32cubeide/plugins/com.st.stm32cube.ide.mcu.externaltools.gnu-tools-for-stm32.10.3-2021.10.win32_1.0.200.202301161003/tools/bin/../lib/gcc/arm-none-eabi/10.3.1/thumb/v7-m/nofp/crti.o
 .bss           0x0000000000000000        0x0 e:/programs/st/stm32cubeide_1.10.1/stm32cubeide/plugins/com.st.stm32cube.ide.mcu.externaltools.gnu-tools-for-stm32.10.3-2021.10.win32_1.0.200.202301161003/tools/bin/../lib/gcc/arm-none-eabi/10.3.1/thumb/v7-m/nofp/crti.o
 .data          0x0000000000000000        0x4 e:/programs/st/stm32cubeide_1.10.1/stm32cubeide/plugins/com.st.stm32cube.ide.mcu.externaltools.gnu-tools-for-stm32.10.3-2021.10.win32_1.0.200.202301161003/tools/bin/../lib/gcc/arm-none-eabi/10.3.1/thumb/v7-m/nofp/crtbegin.o
 .rodata        0x0000000000000000       0x24 e:/programs/st/stm32cubeide_1.10.1/stm32cubeide/plugins/com.st.stm32cube.ide.mcu.externaltools.gnu-tools-for-stm32.10.3-2021.10.win32_1.0.200.202301161003/tools/bin/../lib/gcc/arm-none-eabi/10.3.1/thumb/v7-m/nofp/crtbegin.o
 .text          0x0000000000000000       0x7c e:/programs/st/stm32cubeide_1.10.1/stm32cubeide/plugins/com.st.stm32cube.ide.mcu.externaltools.gnu-tools-for-stm32.10.3-2021.10.win32_1.0.200.202301161003/tools/bin/../lib/gcc/arm-none-eabi/10.3.1/../../../../arm-none-eabi/lib/thumb/v7-m/nofp/crt0.o
 .data          0x0000000000000000        0x0 e:/programs/st/stm32cubeide_1.10.1/stm32cubeide/plugins/com.st.stm32cube.ide.mcu.externaltools.gnu-tools-for-stm32.10.3-2021.10.win32_1.0.200.202301161003/tools/bin/../lib/gcc/arm-none-eabi/10.3.1/../../../../arm-none-eabi/lib/thumb/v7-m/nofp/crt0.o
 .bss           0x0000000000000000        0x0 e:/programs/st/stm32cubeide_1.10.1/stm32cubeide/plugins/com.st.stm32cube.ide.mcu.externaltools.gnu-tools-for-stm32.10.3-2021.10.win32_1.0.200.202301161003/tools/bin/../lib/gcc/arm-none-eabi/10.3.1/../../../../arm-none-eabi/lib/thumb/v7-m/nofp/crt0.o
 .ARM.extab     0x0000000000000000        0x0 e:/programs/st/stm32cubeide_1.10.1/stm32cubeide/plugins/com.st.stm32cube.ide.mcu.externaltools.gnu-tools-for-stm32.10.3-2021.10.win32_1.0.200.202301161003/tools/bin/../lib/gcc/arm-none-eabi/10.3.1/../../../../arm-none-eabi/lib/thumb/v7-m/nofp/crt0.o
 .ARM.exidx     0x0000000000000000       0x10 e:/programs/st/stm32cubeide_1.10.1/stm32cubeide/plugins/com.st.stm32cube.ide.mcu.externaltools.gnu-tools-for-stm32.10.3-2021.10.win32_1.0.200.202301161003/tools/bin/../lib/gcc/arm-none-eabi/10.3.1/../../../../arm-none-eabi/lib/thumb/v7-m/nofp/crt0.o
 .ARM.attributes
                0x0000000000000000       0x1b e:/programs/st/stm32cubeide_1.10.1/stm32cubeide/plugins/com.st.stm32cube.ide.mcu.externaltools.gnu-tools-for-stm32.10.3-2021.10.win32_1.0.200.202301161003/tools/bin/../lib/gcc/arm-none-eabi/10.3.1/../../../../arm-none-eabi/lib/thumb/v7-m/nofp/crt0.o
 .group         0x0000000000000000        0xc ./Src/AFIO_program.o
 .group         0x0000000000000000        0xc ./Src/AFIO_program.o
 .group         0x0000000000000000        0xc ./Src/AFIO_program.o
 .group         0x0000000000000000        0xc ./Src/AFIO_program.o
 .group         0x0000000000000000        0xc ./Src/AFIO_program.o
 .group         0x0000000000000000        0xc ./Src/AFIO_program.o
 .text          0x0000000000000000        0x0 ./Src/AFIO_program.o
 .data          0x0000000000000000        0x0 ./Src/AFIO_program.o
 .bss           0x0000000000000000        0x0 ./Src/AFIO_program.o
 .text.MCAL_AFIO_SetEXTIConfigration
                0x0000000000000000       0x8c ./Src/AFIO_program.o
 .text.MCAL_AFIO_SetRemap
                0x0000000000000000       0x84 ./Src/AFIO_program.o
 .debug_info    0x0000000000000000      0x1bd ./Src/AFIO_program.o
 .debug_abbrev  0x0000000000000000       0xfc ./Src/AFIO_program.o
 .debug_aranges
                0x0000000000000000       0x28 ./Src/AFIO_program.o
 .debug_ranges  0x0000000000000000       0x18 ./Src/AFIO_program.o
 .debug_macro   0x0000000000000000       0x48 ./Src/AFIO_program.o
 .debug_macro   0x0000000000000000      0xa72 ./Src/AFIO_program.o
 .debug_macro   0x0000000000000000       0x1c ./Src/AFIO_program.o
 .debug_macro   0x0000000000000000       0x22 ./Src/AFIO_program.o
 .debug_macro   0x0000000000000000       0x22 ./Src/AFIO_program.o
 .debug_macro   0x0000000000000000       0x82 ./Src/AFIO_program.o
 .debug_macro   0x0000000000000000       0xee ./Src/AFIO_program.o
 .debug_line    0x0000000000000000      0x1f5 ./Src/AFIO_program.o
 .debug_str     0x0000000000000000     0x3749 ./Src/AFIO_program.o
 .comment       0x0000000000000000       0x51 ./Src/AFIO_program.o
 .debug_frame   0x0000000000000000       0x60 ./Src/AFIO_program.o
 .ARM.attributes
                0x0000000000000000       0x2d ./Src/AFIO_program.o
 .group         0x0000000000000000        0xc ./Src/EXTI_program.o
 .group         0x0000000000000000        0xc ./Src/EXTI_program.o
 .group         0x0000000000000000        0xc ./Src/EXTI_program.o
 .group         0x0000000000000000        0xc ./Src/EXTI_program.o
 .group         0x0000000000000000        0xc ./Src/EXTI_program.o
 .group         0x0000000000000000        0xc ./Src/EXTI_program.o
 .group         0x0000000000000000        0xc ./Src/EXTI_program.o
 .text          0x0000000000000000        0x0 ./Src/EXTI_program.o
 .data          0x0000000000000000        0x0 ./Src/EXTI_program.o
 .bss           0x0000000000000000        0x0 ./Src/EXTI_program.o
 .data.Exti_Configrations
                0x0000000000000000       0x80 ./Src/EXTI_program.o
 .text.MCAL_EXTI_Init
                0x0000000000000000       0xa4 ./Src/EXTI_program.o
 .text.MCAL_EXTI_EnableLine
                0x0000000000000000       0x44 ./Src/EXTI_program.o
 .text.MCAL_EXTI_DisableLine
                0x0000000000000000       0x44 ./Src/EXTI_program.o
 .text.MCAL_EXTI_SetTrigger
                0x0000000000000000       0xd8 ./Src/EXTI_program.o
 .text.MCAL_EXTI_ClearPending
                0x0000000000000000       0x44 ./Src/EXTI_program.o
 .text.MCAL_EXTI_SW_INT
                0x0000000000000000       0x44 ./Src/EXTI_program.o
 .text.MCAL_EXTI_EnableEvent
                0x0000000000000000       0x44 ./Src/EXTI_program.o
 .text.MCAL_EXTI_DisablEvent
                0x0000000000000000       0x44 ./Src/EXTI_program.o
 .text.MCAL_EXTI_SetCallback
                0x0000000000000000       0x38 ./Src/EXTI_program.o
 .text.EXTI5_IRQHandler
                0x0000000000000000       0x14 ./Src/EXTI_program.o
 .text.EXTI6_IRQHandler
                0x0000000000000000       0x14 ./Src/EXTI_program.o
 .text.EXTI7_IRQHandler
                0x0000000000000000       0x14 ./Src/EXTI_program.o
 .text.EXTI8_IRQHandler
                0x0000000000000000       0x14 ./Src/EXTI_program.o
 .text.EXTI9_IRQHandler
                0x0000000000000000       0x14 ./Src/EXTI_program.o
 .text.EXTI10_IRQHandler
                0x0000000000000000       0x14 ./Src/EXTI_program.o
 .text.EXTI11_IRQHandler
                0x0000000000000000       0x14 ./Src/EXTI_program.o
 .text.EXTI12_IRQHandler
                0x0000000000000000       0x14 ./Src/EXTI_program.o
 .text.EXTI13_IRQHandler
                0x0000000000000000       0x14 ./Src/EXTI_program.o
 .text.EXTI14_IRQHandler
                0x0000000000000000       0x14 ./Src/EXTI_program.o
 .text.EXTI15_IRQHandler
                0x0000000000000000       0x14 ./Src/EXTI_program.o
 .debug_macro   0x0000000000000000      0xa72 ./Src/EXTI_program.o
 .debug_macro   0x0000000000000000       0x1c ./Src/EXTI_program.o
 .debug_macro   0x0000000000000000       0x22 ./Src/EXTI_program.o
 .debug_macro   0x0000000000000000       0x82 ./Src/EXTI_program.o
 .group         0x0000000000000000        0xc ./Src/GPIO_program.o
 .group         0x0000000000000000        0xc ./Src/GPIO_program.o
 .group         0x0000000000000000        0xc ./Src/GPIO_program.o
 .group         0x0000000000000000        0xc ./Src/GPIO_program.o
 .group         0x0000000000000000        0xc ./Src/GPIO_program.o
 .text          0x0000000000000000        0x0 ./Src/GPIO_program.o
 .data          0x0000000000000000        0x0 ./Src/GPIO_program.o
 .bss           0x0000000000000000        0x0 ./Src/GPIO_program.o
 .text.MCAL_GPIO_GetPinValue
                0x0000000000000000       0xb0 ./Src/GPIO_program.o
 .text.MCAL_GPIO_AtomicSetPin
                0x0000000000000000       0x94 ./Src/GPIO_program.o
 .text.MCAL_GPIO_AtomicResetPin
                0x0000000000000000       0x94 ./Src/GPIO_program.o
 .text.MCAL_GPIO_LCKPin
                0x0000000000000000      0x19c ./Src/GPIO_program.o
 .debug_macro   0x0000000000000000      0xa72 ./Src/GPIO_program.o
 .debug_macro   0x0000000000000000       0x1c ./Src/GPIO_program.o
 .debug_macro   0x0000000000000000       0x22 ./Src/GPIO_program.o
 .debug_macro   0x0000000000000000       0xf4 ./Src/GPIO_program.o
 .group         0x0000000000000000        0xc ./Src/GPT_program.o
 .group         0x0000000000000000        0xc ./Src/GPT_program.o
 .group         0x0000000000000000        0xc ./Src/GPT_program.o
 .group         0x0000000000000000        0xc ./Src/GPT_program.o
 .group         0x0000000000000000        0xc ./Src/GPT_program.o
 .group         0x0000000000000000        0xc ./Src/GPT_program.o
 .group         0x0000000000000000        0xc ./Src/GPT_program.o
 .group         0x0000000000000000        0xc ./Src/GPT_program.o
 .text          0x0000000000000000        0x0 ./Src/GPT_program.o
 .data          0x0000000000000000        0x0 ./Src/GPT_program.o
 .bss           0x0000000000000000        0x0 ./Src/GPT_program.o
 .bss.microSecToTickRatio
                0x0000000000000000        0x4 ./Src/GPT_program.o
 .bss.GPT_TIM2_IntervalMode
                0x0000000000000000        0x1 ./Src/GPT_program.o
 .bss.GPT_TIM3_IntervalMode
                0x0000000000000000        0x1 ./Src/GPT_program.o
 .bss.GPT_TIM4_IntervalMode
                0x0000000000000000        0x1 ./Src/GPT_program.o
 .bss.TIM2_CallBack
                0x0000000000000000        0x4 ./Src/GPT_program.o
 .bss.TIM3_CallBack
                0x0000000000000000        0x4 ./Src/GPT_program.o
 .bss.TIM4_CallBack
                0x0000000000000000        0x4 ./Src/GPT_program.o
 .text.GPT_TIMx_Enable
                0x0000000000000000       0x40 ./Src/GPT_program.o
 .text.GPT_TIMx_Disable
                0x0000000000000000       0x40 ./Src/GPT_program.o
 .text.GPT_TIMx_SetIntervalSingle
                0x0000000000000000      0x10c ./Src/GPT_program.o
 .text.GPT_TIMx_SetIntervalPeriodic
                0x0000000000000000      0x128 ./Src/GPT_program.o
 .text.GPT_TIMx_GetRemainingTime
                0x0000000000000000       0x84 ./Src/GPT_program.o
 .text.TIM2_UP_IRQHandler
                0x0000000000000000       0x6c ./Src/GPT_program.o
 .text.TIM3_UP_IRQHandler
                0x0000000000000000       0x6c ./Src/GPT_program.o
 .text.TIM4_UP_IRQHandler
                0x0000000000000000       0x6c ./Src/GPT_program.o
 .text.GPT_PWM_INIT
                0x0000000000000000       0xc0 ./Src/GPT_program.o
 .text.GPT_TIMx_PWM_SetChannel
                0x0000000000000000      0x2a8 ./Src/GPT_program.o
 .text.GPT_PWM_SetDutyCycle
                0x0000000000000000       0xc0 ./Src/GPT_program.o
 .text.GPT_PWM_DEINIT
                0x0000000000000000      0x218 ./Src/GPT_program.o
 .text.GPT_PWM_GetCounterValue
                0x0000000000000000       0x34 ./Src/GPT_program.o
 .debug_macro   0x0000000000000000      0xa72 ./Src/GPT_program.o
 .debug_macro   0x0000000000000000       0x1c ./Src/GPT_program.o
 .debug_macro   0x0000000000000000       0x22 ./Src/GPT_program.o
 .group         0x0000000000000000        0xc ./Src/NVIC_program.o
 .group         0x0000000000000000        0xc ./Src/NVIC_program.o
 .group         0x0000000000000000        0xc ./Src/NVIC_program.o
 .group         0x0000000000000000        0xc ./Src/NVIC_program.o
 .group         0x0000000000000000        0xc ./Src/NVIC_program.o
 .group         0x0000000000000000        0xc ./Src/NVIC_program.o
 .text          0x0000000000000000        0x0 ./Src/NVIC_program.o
 .data          0x0000000000000000        0x0 ./Src/NVIC_program.o
 .bss           0x0000000000000000        0x0 ./Src/NVIC_program.o
 .text.MCAL_NVIC_EnableIRQ
                0x0000000000000000       0x7c ./Src/NVIC_program.o
 .text.MCAL_NVIC_DisableIRQ
                0x0000000000000000       0x7c ./Src/NVIC_program.o
 .text.MCAL_NVIC_SetPendingIRQ
                0x0000000000000000       0x7c ./Src/NVIC_program.o
 .text.MCAL_NVIC_ClearPendingIRQ
                0x0000000000000000       0x7c ./Src/NVIC_program.o
 .text.MCAL_NVIC_GetPendingIRQ
                0x0000000000000000       0xa8 ./Src/NVIC_program.o
 .text.MCAL_NVIC_GetActiveIRQ
                0x0000000000000000       0xa8 ./Src/NVIC_program.o
 .text.MCAL_NVIC_xSetPriority
                0x0000000000000000       0x5c ./Src/NVIC_program.o
 .text.MCAL_NVIC_vSetPriority
                0x0000000000000000       0x84 ./Src/NVIC_program.o
 .text.MCAL_NVIC_GetPriority
                0x0000000000000000       0x54 ./Src/NVIC_program.o
 .debug_info    0x0000000000000000      0x346 ./Src/NVIC_program.o
 .debug_abbrev  0x0000000000000000       0xec ./Src/NVIC_program.o
 .debug_aranges
                0x0000000000000000       0x60 ./Src/NVIC_program.o
 .debug_ranges  0x0000000000000000       0x50 ./Src/NVIC_program.o
 .debug_macro   0x0000000000000000       0x48 ./Src/NVIC_program.o
 .debug_macro   0x0000000000000000      0xa72 ./Src/NVIC_program.o
 .debug_macro   0x0000000000000000       0x1c ./Src/NVIC_program.o
 .debug_macro   0x0000000000000000       0x22 ./Src/NVIC_program.o
 .debug_macro   0x0000000000000000      0x172 ./Src/NVIC_program.o
 .debug_macro   0x0000000000000000       0x94 ./Src/NVIC_program.o
 .debug_macro   0x0000000000000000       0x1c ./Src/NVIC_program.o
 .debug_line    0x0000000000000000      0x3db ./Src/NVIC_program.o
 .debug_str     0x0000000000000000     0x3a7d ./Src/NVIC_program.o
 .comment       0x0000000000000000       0x51 ./Src/NVIC_program.o
 .debug_frame   0x0000000000000000      0x170 ./Src/NVIC_program.o
 .ARM.attributes
                0x0000000000000000       0x2d ./Src/NVIC_program.o
 .group         0x0000000000000000        0xc ./Src/RCC_program.o
 .group         0x0000000000000000        0xc ./Src/RCC_program.o
 .group         0x0000000000000000        0xc ./Src/RCC_program.o
 .group         0x0000000000000000        0xc ./Src/RCC_program.o
 .group         0x0000000000000000        0xc ./Src/RCC_program.o
 .group         0x0000000000000000        0xc ./Src/RCC_program.o
 .text          0x0000000000000000        0x0 ./Src/RCC_program.o
 .data          0x0000000000000000        0x0 ./Src/RCC_program.o
 .bss           0x0000000000000000        0x0 ./Src/RCC_program.o
 .text.MCAL_Rcc_DisablePrephiral
                0x0000000000000000       0x98 ./Src/RCC_program.o
 .text.MCAL_RCC_EnableClkSecuritySystem
                0x0000000000000000       0x16 ./Src/RCC_program.o
 .text.MCAL_RCC_DisapleClkSecuritySystem
                0x0000000000000000       0x2c ./Src/RCC_program.o
 .text.MCAL_RCC_SetAHB_Pre
                0x0000000000000000       0x34 ./Src/RCC_program.o
 .text.MCAL_RCC_SetAPB1_Pre
                0x0000000000000000       0x34 ./Src/RCC_program.o
 .text.MCAL_RCC_SetAPB2_Pre
                0x0000000000000000       0x34 ./Src/RCC_program.o
 .text.MCAL_RCC_SetADC_Pre
                0x0000000000000000       0x34 ./Src/RCC_program.o
 .text.MCAL_RCC_SetPLL_MUL
                0x0000000000000000       0x34 ./Src/RCC_program.o
 .text.MCAL_RCC_SetUSB_Pre
                0x0000000000000000       0x34 ./Src/RCC_program.o
 .text.MCAL_RCC_EnaleMCO
                0x0000000000000000       0x28 ./Src/RCC_program.o
 .debug_macro   0x0000000000000000      0xa72 ./Src/RCC_program.o
 .debug_macro   0x0000000000000000       0x1c ./Src/RCC_program.o
 .debug_macro   0x0000000000000000       0x22 ./Src/RCC_program.o
 .debug_macro   0x0000000000000000      0x24d ./Src/RCC_program.o
 .group         0x0000000000000000        0xc ./Src/SCB_program.o
 .group         0x0000000000000000        0xc ./Src/SCB_program.o
 .group         0x0000000000000000        0xc ./Src/SCB_program.o
 .group         0x0000000000000000        0xc ./Src/SCB_program.o
 .text          0x0000000000000000        0x0 ./Src/SCB_program.o
 .data          0x0000000000000000        0x0 ./Src/SCB_program.o
 .bss           0x0000000000000000        0x0 ./Src/SCB_program.o
 .text.MCAL_SCB_SetPriorityGrouping
                0x0000000000000000       0x28 ./Src/SCB_program.o
 .text.EnableGlobalInterrupts
                0x0000000000000000        0xe ./Src/SCB_program.o
 .text.DisableGlobalInterrupts
                0x0000000000000000        0xe ./Src/SCB_program.o
 .text.MCAL_SCB_EnableMemFault
                0x0000000000000000       0x2c ./Src/SCB_program.o
 .text.MCAL_SCB_EnableBusFault
                0x0000000000000000       0x2c ./Src/SCB_program.o
 .text.MCAL_SCB_EnableUsageFault
                0x0000000000000000       0x2c ./Src/SCB_program.o
 .text.MCAL_SCB_ClearBusFault
                0x0000000000000000       0x2c ./Src/SCB_program.o
 .text.MCAL_SCB_ClearMemFault
                0x0000000000000000       0x2c ./Src/SCB_program.o
 .text.MCAL_SCB_ClearUsageFault
                0x0000000000000000       0x2c ./Src/SCB_program.o
 .debug_info    0x0000000000000000      0x1ef ./Src/SCB_program.o
 .debug_abbrev  0x0000000000000000       0xbd ./Src/SCB_program.o
 .debug_aranges
                0x0000000000000000       0x60 ./Src/SCB_program.o
 .debug_ranges  0x0000000000000000       0x50 ./Src/SCB_program.o
 .debug_macro   0x0000000000000000       0x40 ./Src/SCB_program.o
 .debug_macro   0x0000000000000000      0xa72 ./Src/SCB_program.o
 .debug_macro   0x0000000000000000       0x1c ./Src/SCB_program.o
 .debug_macro   0x0000000000000000       0x22 ./Src/SCB_program.o
 .debug_macro   0x0000000000000000       0x7c ./Src/SCB_program.o
 .debug_line    0x0000000000000000      0x1a0 ./Src/SCB_program.o
 .debug_str     0x0000000000000000     0x3366 ./Src/SCB_program.o
 .comment       0x0000000000000000       0x51 ./Src/SCB_program.o
 .debug_frame   0x0000000000000000      0x168 ./Src/SCB_program.o
 .ARM.attributes
                0x0000000000000000       0x2d ./Src/SCB_program.o
 .group         0x0000000000000000        0xc ./Src/SYSTICK_program.o
 .group         0x0000000000000000        0xc ./Src/SYSTICK_program.o
 .group         0x0000000000000000        0xc ./Src/SYSTICK_program.o
 .group         0x0000000000000000        0xc ./Src/SYSTICK_program.o
 .group         0x0000000000000000        0xc ./Src/SYSTICK_program.o
 .text          0x0000000000000000        0x0 ./Src/SYSTICK_program.o
 .data          0x0000000000000000        0x0 ./Src/SYSTICK_program.o
 .bss           0x0000000000000000        0x0 ./Src/SYSTICK_program.o
 .text.MCAL_SYSTICK_xINIT
                0x0000000000000000       0x4c ./Src/SYSTICK_program.o
 .text.MCAL_SYSTICK_vINIT
                0x0000000000000000       0x44 ./Src/SYSTICK_program.o
 .text.MCAL_SYSTICK_SetReloadValue
                0x0000000000000000       0x34 ./Src/SYSTICK_program.o
 .text.MCAL_SYSTICK_Start
                0x0000000000000000       0x2c ./Src/SYSTICK_program.o
 .text.MCAL_SYSTICK_Stop
                0x0000000000000000       0x2c ./Src/SYSTICK_program.o
 .text.MCAL_SYSTICK_Reset
                0x0000000000000000       0x44 ./Src/SYSTICK_program.o
 .text.MCAL_SYSTICK_GetRemainingCounts
                0x0000000000000000       0x28 ./Src/SYSTICK_program.o
 .text.MCAL_SYSTICK_GetElapsedCounts
                0x0000000000000000       0x5c ./Src/SYSTICK_program.o
 .text.MCAL_SYSTICK_DelayUS
                0x0000000000000000      0x134 ./Src/SYSTICK_program.o
 .text.MCAL_SYSTICK_DelayMS
                0x0000000000000000      0x134 ./Src/SYSTICK_program.o
 .text.MCAL_SYSTICK_SetIntervalSingle
                0x0000000000000000       0x74 ./Src/SYSTICK_program.o
 .text.MCAL_SYSTICK_SetIntervalPeriodic
                0x0000000000000000       0x78 ./Src/SYSTICK_program.o
 .bss.Local_PreviousValue.0
                0x0000000000000000        0x4 ./Src/SYSTICK_program.o
 .debug_macro   0x0000000000000000      0xa72 ./Src/SYSTICK_program.o
 .debug_macro   0x0000000000000000       0x1c ./Src/SYSTICK_program.o
 .debug_macro   0x0000000000000000       0x22 ./Src/SYSTICK_program.o
 .group         0x0000000000000000        0xc ./Src/main.o
 .group         0x0000000000000000        0xc ./Src/main.o
 .group         0x0000000000000000        0xc ./Src/main.o
 .group         0x0000000000000000        0xc ./Src/main.o
 .group         0x0000000000000000        0xc ./Src/main.o
 .group         0x0000000000000000        0xc ./Src/main.o
 .group         0x0000000000000000        0xc ./Src/main.o
 .text          0x0000000000000000        0x0 ./Src/main.o
 .data          0x0000000000000000        0x0 ./Src/main.o
 .bss           0x0000000000000000        0x0 ./Src/main.o
 .debug_macro   0x0000000000000000      0xa72 ./Src/main.o
 .debug_macro   0x0000000000000000       0x1c ./Src/main.o
 .debug_macro   0x0000000000000000       0x22 ./Src/main.o
 .debug_macro   0x0000000000000000       0x34 ./Src/main.o
 .debug_macro   0x0000000000000000      0x24d ./Src/main.o
 .debug_macro   0x0000000000000000       0xf4 ./Src/main.o
 .debug_macro   0x0000000000000000       0x2e ./Src/main.o
 .group         0x0000000000000000        0xc ./Src/syscalls.o
 .group         0x0000000000000000        0xc ./Src/syscalls.o
 .group         0x0000000000000000        0xc ./Src/syscalls.o
 .group         0x0000000000000000        0xc ./Src/syscalls.o
 .group         0x0000000000000000        0xc ./Src/syscalls.o
 .group         0x0000000000000000        0xc ./Src/syscalls.o
 .group         0x0000000000000000        0xc ./Src/syscalls.o
 .group         0x0000000000000000        0xc ./Src/syscalls.o
 .group         0x0000000000000000        0xc ./Src/syscalls.o
 .group         0x0000000000000000        0xc ./Src/syscalls.o
 .group         0x0000000000000000        0xc ./Src/syscalls.o
 .group         0x0000000000000000        0xc ./Src/syscalls.o
 .group         0x0000000000000000        0xc ./Src/syscalls.o
 .group         0x0000000000000000        0xc ./Src/syscalls.o
 .group         0x0000000000000000        0xc ./Src/syscalls.o
 .group         0x0000000000000000        0xc ./Src/syscalls.o
 .group         0x0000000000000000        0xc ./Src/syscalls.o
 .group         0x0000000000000000        0xc ./Src/syscalls.o
 .group         0x0000000000000000        0xc ./Src/syscalls.o
 .group         0x0000000000000000        0xc ./Src/syscalls.o
 .group         0x0000000000000000        0xc ./Src/syscalls.o
 .group         0x0000000000000000        0xc ./Src/syscalls.o
 .group         0x0000000000000000        0xc ./Src/syscalls.o
 .group         0x0000000000000000        0xc ./Src/syscalls.o
 .group         0x0000000000000000        0xc ./Src/syscalls.o
 .group         0x0000000000000000        0xc ./Src/syscalls.o
 .group         0x0000000000000000        0xc ./Src/syscalls.o
 .group         0x0000000000000000        0xc ./Src/syscalls.o
 .group         0x0000000000000000        0xc ./Src/syscalls.o
 .group         0x0000000000000000        0xc ./Src/syscalls.o
 .group         0x0000000000000000        0xc ./Src/syscalls.o
 .group         0x0000000000000000        0xc ./Src/syscalls.o
 .group         0x0000000000000000        0xc ./Src/syscalls.o
 .group         0x0000000000000000        0xc ./Src/syscalls.o
 .group         0x0000000000000000        0xc ./Src/syscalls.o
 .group         0x0000000000000000        0xc ./Src/syscalls.o
 .group         0x0000000000000000        0xc ./Src/syscalls.o
 .group         0x0000000000000000        0xc ./Src/syscalls.o
 .group         0x0000000000000000        0xc ./Src/syscalls.o
 .group         0x0000000000000000        0xc ./Src/syscalls.o
 .group         0x0000000000000000        0xc ./Src/syscalls.o
 .group         0x0000000000000000        0xc ./Src/syscalls.o
 .group         0x0000000000000000        0xc ./Src/syscalls.o
 .group         0x0000000000000000        0xc ./Src/syscalls.o
 .group         0x0000000000000000        0xc ./Src/syscalls.o
 .group         0x0000000000000000        0xc ./Src/syscalls.o
 .group         0x0000000000000000        0xc ./Src/syscalls.o
 .text          0x0000000000000000        0x0 ./Src/syscalls.o
 .data          0x0000000000000000        0x0 ./Src/syscalls.o
 .bss           0x0000000000000000        0x0 ./Src/syscalls.o
 .bss.__env     0x0000000000000000        0x4 ./Src/syscalls.o
 .data.environ  0x0000000000000000        0x4 ./Src/syscalls.o
 .text.initialise_monitor_handles
                0x0000000000000000        0xc ./Src/syscalls.o
 .text._getpid  0x0000000000000000        0xe ./Src/syscalls.o
 .text._kill    0x0000000000000000       0x20 ./Src/syscalls.o
 .text._exit    0x0000000000000000       0x14 ./Src/syscalls.o
 .text._read    0x0000000000000000       0x3a ./Src/syscalls.o
 .text._write   0x0000000000000000       0x38 ./Src/syscalls.o
 .text._close   0x0000000000000000       0x16 ./Src/syscalls.o
 .text._fstat   0x0000000000000000       0x1e ./Src/syscalls.o
 .text._isatty  0x0000000000000000       0x14 ./Src/syscalls.o
 .text._lseek   0x0000000000000000       0x18 ./Src/syscalls.o
 .text._open    0x0000000000000000       0x1a ./Src/syscalls.o
 .text._wait    0x0000000000000000       0x1e ./Src/syscalls.o
 .text._unlink  0x0000000000000000       0x1e ./Src/syscalls.o
 .text._times   0x0000000000000000       0x16 ./Src/syscalls.o
 .text._stat    0x0000000000000000       0x1e ./Src/syscalls.o
 .text._link    0x0000000000000000       0x20 ./Src/syscalls.o
 .text._fork    0x0000000000000000       0x16 ./Src/syscalls.o
 .text._execve  0x0000000000000000       0x22 ./Src/syscalls.o
 .debug_info    0x0000000000000000      0x6e0 ./Src/syscalls.o
 .debug_abbrev  0x0000000000000000      0x1b3 ./Src/syscalls.o
 .debug_aranges
                0x0000000000000000       0xa8 ./Src/syscalls.o
 .debug_ranges  0x0000000000000000       0x98 ./Src/syscalls.o
 .debug_macro   0x0000000000000000      0x24c ./Src/syscalls.o
 .debug_macro   0x0000000000000000      0xa72 ./Src/syscalls.o
 .debug_macro   0x0000000000000000       0x22 ./Src/syscalls.o
 .debug_macro   0x0000000000000000       0x4c ./Src/syscalls.o
 .debug_macro   0x0000000000000000       0x18 ./Src/syscalls.o
 .debug_macro   0x0000000000000000       0x94 ./Src/syscalls.o
 .debug_macro   0x0000000000000000       0x3c ./Src/syscalls.o
 .debug_macro   0x0000000000000000       0x34 ./Src/syscalls.o
 .debug_macro   0x0000000000000000       0x57 ./Src/syscalls.o
 .debug_macro   0x0000000000000000      0x174 ./Src/syscalls.o
 .debug_macro   0x0000000000000000      0x341 ./Src/syscalls.o
 .debug_macro   0x0000000000000000       0x16 ./Src/syscalls.o
 .debug_macro   0x0000000000000000       0x43 ./Src/syscalls.o
 .debug_macro   0x0000000000000000       0x34 ./Src/syscalls.o
 .debug_macro   0x0000000000000000       0x10 ./Src/syscalls.o
 .debug_macro   0x0000000000000000       0x58 ./Src/syscalls.o
 .debug_macro   0x0000000000000000       0x71 ./Src/syscalls.o
 .debug_macro   0x0000000000000000       0x1c ./Src/syscalls.o
 .debug_macro   0x0000000000000000      0x12a ./Src/syscalls.o
 .debug_macro   0x0000000000000000       0x10 ./Src/syscalls.o
 .debug_macro   0x0000000000000000       0x35 ./Src/syscalls.o
 .debug_macro   0x0000000000000000       0x10 ./Src/syscalls.o
 .debug_macro   0x0000000000000000       0x10 ./Src/syscalls.o
 .debug_macro   0x0000000000000000       0x10 ./Src/syscalls.o
 .debug_macro   0x0000000000000000       0x6a ./Src/syscalls.o
 .debug_macro   0x0000000000000000       0x1c ./Src/syscalls.o
 .debug_macro   0x0000000000000000       0x52 ./Src/syscalls.o
 .debug_macro   0x0000000000000000       0x22 ./Src/syscalls.o
 .debug_macro   0x0000000000000000       0x10 ./Src/syscalls.o
 .debug_macro   0x0000000000000000       0x52 ./Src/syscalls.o
 .debug_macro   0x0000000000000000       0xd5 ./Src/syscalls.o
 .debug_macro   0x0000000000000000       0x1c ./Src/syscalls.o
 .debug_macro   0x0000000000000000       0x3d ./Src/syscalls.o
 .debug_macro   0x0000000000000000       0x35 ./Src/syscalls.o
 .debug_macro   0x0000000000000000      0x12c ./Src/syscalls.o
 .debug_macro   0x0000000000000000       0x16 ./Src/syscalls.o
 .debug_macro   0x0000000000000000       0x16 ./Src/syscalls.o
 .debug_macro   0x0000000000000000       0x29 ./Src/syscalls.o
 .debug_macro   0x0000000000000000       0x10 ./Src/syscalls.o
 .debug_macro   0x0000000000000000      0x241 ./Src/syscalls.o
 .debug_macro   0x0000000000000000       0x1c ./Src/syscalls.o
 .debug_macro   0x0000000000000000       0x10 ./Src/syscalls.o
 .debug_macro   0x0000000000000000       0x10 ./Src/syscalls.o
 .debug_macro   0x0000000000000000       0x16 ./Src/syscalls.o
 .debug_macro   0x0000000000000000      0x145 ./Src/syscalls.o
 .debug_macro   0x0000000000000000      0x189 ./Src/syscalls.o
 .debug_macro   0x0000000000000000       0x16 ./Src/syscalls.o
 .debug_macro   0x0000000000000000       0xce ./Src/syscalls.o
 .debug_line    0x0000000000000000      0x826 ./Src/syscalls.o
 .debug_str     0x0000000000000000     0x8a25 ./Src/syscalls.o
 .comment       0x0000000000000000       0x51 ./Src/syscalls.o
 .debug_frame   0x0000000000000000      0x2ac ./Src/syscalls.o
 .ARM.attributes
                0x0000000000000000       0x2d ./Src/syscalls.o
 .group         0x0000000000000000        0xc ./Src/sysmem.o
 .group         0x0000000000000000        0xc ./Src/sysmem.o
 .group         0x0000000000000000        0xc ./Src/sysmem.o
 .group         0x0000000000000000        0xc ./Src/sysmem.o
 .group         0x0000000000000000        0xc ./Src/sysmem.o
 .group         0x0000000000000000        0xc ./Src/sysmem.o
 .group         0x0000000000000000        0xc ./Src/sysmem.o
 .group         0x0000000000000000        0xc ./Src/sysmem.o
 .group         0x0000000000000000        0xc ./Src/sysmem.o
 .group         0x0000000000000000        0xc ./Src/sysmem.o
 .group         0x0000000000000000        0xc ./Src/sysmem.o
 .group         0x0000000000000000        0xc ./Src/sysmem.o
 .group         0x0000000000000000        0xc ./Src/sysmem.o
 .group         0x0000000000000000        0xc ./Src/sysmem.o
 .group         0x0000000000000000        0xc ./Src/sysmem.o
 .group         0x0000000000000000        0xc ./Src/sysmem.o
 .group         0x0000000000000000        0xc ./Src/sysmem.o
 .group         0x0000000000000000        0xc ./Src/sysmem.o
 .group         0x0000000000000000        0xc ./Src/sysmem.o
 .group         0x0000000000000000        0xc ./Src/sysmem.o
 .group         0x0000000000000000        0xc ./Src/sysmem.o
 .group         0x0000000000000000        0xc ./Src/sysmem.o
 .text          0x0000000000000000        0x0 ./Src/sysmem.o
 .data          0x0000000000000000        0x0 ./Src/sysmem.o
 .bss           0x0000000000000000        0x0 ./Src/sysmem.o
 .bss.__sbrk_heap_end
                0x0000000000000000        0x4 ./Src/sysmem.o
 .text._sbrk    0x0000000000000000       0x6c ./Src/sysmem.o
 .debug_info    0x0000000000000000      0x171 ./Src/sysmem.o
 .debug_abbrev  0x0000000000000000       0xbb ./Src/sysmem.o
 .debug_aranges
                0x0000000000000000       0x20 ./Src/sysmem.o
 .debug_ranges  0x0000000000000000       0x10 ./Src/sysmem.o
 .debug_macro   0x0000000000000000       0xff ./Src/sysmem.o
 .debug_macro   0x0000000000000000      0xa72 ./Src/sysmem.o
 .debug_macro   0x0000000000000000       0x10 ./Src/sysmem.o
 .debug_macro   0x0000000000000000       0x22 ./Src/sysmem.o
 .debug_macro   0x0000000000000000       0x4c ./Src/sysmem.o
 .debug_macro   0x0000000000000000       0x18 ./Src/sysmem.o
 .debug_macro   0x0000000000000000       0x94 ./Src/sysmem.o
 .debug_macro   0x0000000000000000       0x3c ./Src/sysmem.o
 .debug_macro   0x0000000000000000       0x34 ./Src/sysmem.o
 .debug_macro   0x0000000000000000      0x174 ./Src/sysmem.o
 .debug_macro   0x0000000000000000       0x16 ./Src/sysmem.o
 .debug_macro   0x0000000000000000       0x43 ./Src/sysmem.o
 .debug_macro   0x0000000000000000       0x57 ./Src/sysmem.o
 .debug_macro   0x0000000000000000       0x34 ./Src/sysmem.o
 .debug_macro   0x0000000000000000       0x10 ./Src/sysmem.o
 .debug_macro   0x0000000000000000       0x58 ./Src/sysmem.o
 .debug_macro   0x0000000000000000       0x71 ./Src/sysmem.o
 .debug_macro   0x0000000000000000       0x1c ./Src/sysmem.o
 .debug_macro   0x0000000000000000      0x12a ./Src/sysmem.o
 .debug_macro   0x0000000000000000      0x23b ./Src/sysmem.o
 .debug_macro   0x0000000000000000      0x103 ./Src/sysmem.o
 .debug_macro   0x0000000000000000       0x6a ./Src/sysmem.o
 .debug_macro   0x0000000000000000      0x1df ./Src/sysmem.o
 .debug_line    0x0000000000000000      0x51c ./Src/sysmem.o
 .debug_str     0x0000000000000000     0x5d61 ./Src/sysmem.o
 .comment       0x0000000000000000       0x51 ./Src/sysmem.o
 .debug_frame   0x0000000000000000       0x34 ./Src/sysmem.o
 .ARM.attributes
                0x0000000000000000       0x2d ./Src/sysmem.o
 .text          0x0000000000000000       0x14 ./Startup/startup_stm32f103c8tx.o
 .data          0x0000000000000000        0x0 ./Startup/startup_stm32f103c8tx.o
 .bss           0x0000000000000000        0x0 ./Startup/startup_stm32f103c8tx.o
 .text          0x0000000000000000        0x0 e:/programs/st/stm32cubeide_1.10.1/stm32cubeide/plugins/com.st.stm32cube.ide.mcu.externaltools.gnu-tools-for-stm32.10.3-2021.10.win32_1.0.200.202301161003/tools/bin/../lib/gcc/arm-none-eabi/10.3.1/../../../../arm-none-eabi/lib/thumb/v7-m/nofp\libc_nano.a(lib_a-errno.o)
 .data          0x0000000000000000        0x0 e:/programs/st/stm32cubeide_1.10.1/stm32cubeide/plugins/com.st.stm32cube.ide.mcu.externaltools.gnu-tools-for-stm32.10.3-2021.10.win32_1.0.200.202301161003/tools/bin/../lib/gcc/arm-none-eabi/10.3.1/../../../../arm-none-eabi/lib/thumb/v7-m/nofp\libc_nano.a(lib_a-errno.o)
 .bss           0x0000000000000000        0x0 e:/programs/st/stm32cubeide_1.10.1/stm32cubeide/plugins/com.st.stm32cube.ide.mcu.externaltools.gnu-tools-for-stm32.10.3-2021.10.win32_1.0.200.202301161003/tools/bin/../lib/gcc/arm-none-eabi/10.3.1/../../../../arm-none-eabi/lib/thumb/v7-m/nofp\libc_nano.a(lib_a-errno.o)
 .text.__errno  0x0000000000000000        0xc e:/programs/st/stm32cubeide_1.10.1/stm32cubeide/plugins/com.st.stm32cube.ide.mcu.externaltools.gnu-tools-for-stm32.10.3-2021.10.win32_1.0.200.202301161003/tools/bin/../lib/gcc/arm-none-eabi/10.3.1/../../../../arm-none-eabi/lib/thumb/v7-m/nofp\libc_nano.a(lib_a-errno.o)
 .debug_frame   0x0000000000000000       0x20 e:/programs/st/stm32cubeide_1.10.1/stm32cubeide/plugins/com.st.stm32cube.ide.mcu.externaltools.gnu-tools-for-stm32.10.3-2021.10.win32_1.0.200.202301161003/tools/bin/../lib/gcc/arm-none-eabi/10.3.1/../../../../arm-none-eabi/lib/thumb/v7-m/nofp\libc_nano.a(lib_a-errno.o)
 .ARM.attributes
                0x0000000000000000       0x2d e:/programs/st/stm32cubeide_1.10.1/stm32cubeide/plugins/com.st.stm32cube.ide.mcu.externaltools.gnu-tools-for-stm32.10.3-2021.10.win32_1.0.200.202301161003/tools/bin/../lib/gcc/arm-none-eabi/10.3.1/../../../../arm-none-eabi/lib/thumb/v7-m/nofp\libc_nano.a(lib_a-errno.o)
 .text          0x0000000000000000        0x0 e:/programs/st/stm32cubeide_1.10.1/stm32cubeide/plugins/com.st.stm32cube.ide.mcu.externaltools.gnu-tools-for-stm32.10.3-2021.10.win32_1.0.200.202301161003/tools/bin/../lib/gcc/arm-none-eabi/10.3.1/../../../../arm-none-eabi/lib/thumb/v7-m/nofp\libc_nano.a(lib_a-exit.o)
 .data          0x0000000000000000        0x0 e:/programs/st/stm32cubeide_1.10.1/stm32cubeide/plugins/com.st.stm32cube.ide.mcu.externaltools.gnu-tools-for-stm32.10.3-2021.10.win32_1.0.200.202301161003/tools/bin/../lib/gcc/arm-none-eabi/10.3.1/../../../../arm-none-eabi/lib/thumb/v7-m/nofp\libc_nano.a(lib_a-exit.o)
 .bss           0x0000000000000000        0x0 e:/programs/st/stm32cubeide_1.10.1/stm32cubeide/plugins/com.st.stm32cube.ide.mcu.externaltools.gnu-tools-for-stm32.10.3-2021.10.win32_1.0.200.202301161003/tools/bin/../lib/gcc/arm-none-eabi/10.3.1/../../../../arm-none-eabi/lib/thumb/v7-m/nofp\libc_nano.a(lib_a-exit.o)
 .text.exit     0x0000000000000000       0x28 e:/programs/st/stm32cubeide_1.10.1/stm32cubeide/plugins/com.st.stm32cube.ide.mcu.externaltools.gnu-tools-for-stm32.10.3-2021.10.win32_1.0.200.202301161003/tools/bin/../lib/gcc/arm-none-eabi/10.3.1/../../../../arm-none-eabi/lib/thumb/v7-m/nofp\libc_nano.a(lib_a-exit.o)
 .debug_frame   0x0000000000000000       0x28 e:/programs/st/stm32cubeide_1.10.1/stm32cubeide/plugins/com.st.stm32cube.ide.mcu.externaltools.gnu-tools-for-stm32.10.3-2021.10.win32_1.0.200.202301161003/tools/bin/../lib/gcc/arm-none-eabi/10.3.1/../../../../arm-none-eabi/lib/thumb/v7-m/nofp\libc_nano.a(lib_a-exit.o)
 .ARM.attributes
                0x0000000000000000       0x2d e:/programs/st/stm32cubeide_1.10.1/stm32cubeide/plugins/com.st.stm32cube.ide.mcu.externaltools.gnu-tools-for-stm32.10.3-2021.10.win32_1.0.200.202301161003/tools/bin/../lib/gcc/arm-none-eabi/10.3.1/../../../../arm-none-eabi/lib/thumb/v7-m/nofp\libc_nano.a(lib_a-exit.o)
 .text          0x0000000000000000        0x0 e:/programs/st/stm32cubeide_1.10.1/stm32cubeide/plugins/com.st.stm32cube.ide.mcu.externaltools.gnu-tools-for-stm32.10.3-2021.10.win32_1.0.200.202301161003/tools/bin/../lib/gcc/arm-none-eabi/10.3.1/../../../../arm-none-eabi/lib/thumb/v7-m/nofp\libc_nano.a(lib_a-impure.o)
 .data          0x0000000000000000        0x0 e:/programs/st/stm32cubeide_1.10.1/stm32cubeide/plugins/com.st.stm32cube.ide.mcu.externaltools.gnu-tools-for-stm32.10.3-2021.10.win32_1.0.200.202301161003/tools/bin/../lib/gcc/arm-none-eabi/10.3.1/../../../../arm-none-eabi/lib/thumb/v7-m/nofp\libc_nano.a(lib_a-impure.o)
 .bss           0x0000000000000000        0x0 e:/programs/st/stm32cubeide_1.10.1/stm32cubeide/plugins/com.st.stm32cube.ide.mcu.externaltools.gnu-tools-for-stm32.10.3-2021.10.win32_1.0.200.202301161003/tools/bin/../lib/gcc/arm-none-eabi/10.3.1/../../../../arm-none-eabi/lib/thumb/v7-m/nofp\libc_nano.a(lib_a-impure.o)
 .data._impure_ptr
                0x0000000000000000        0x4 e:/programs/st/stm32cubeide_1.10.1/stm32cubeide/plugins/com.st.stm32cube.ide.mcu.externaltools.gnu-tools-for-stm32.10.3-2021.10.win32_1.0.200.202301161003/tools/bin/../lib/gcc/arm-none-eabi/10.3.1/../../../../arm-none-eabi/lib/thumb/v7-m/nofp\libc_nano.a(lib_a-impure.o)
 .data.impure_data
                0x0000000000000000       0x60 e:/programs/st/stm32cubeide_1.10.1/stm32cubeide/plugins/com.st.stm32cube.ide.mcu.externaltools.gnu-tools-for-stm32.10.3-2021.10.win32_1.0.200.202301161003/tools/bin/../lib/gcc/arm-none-eabi/10.3.1/../../../../arm-none-eabi/lib/thumb/v7-m/nofp\libc_nano.a(lib_a-impure.o)
 .rodata._global_impure_ptr
                0x0000000000000000        0x4 e:/programs/st/stm32cubeide_1.10.1/stm32cubeide/plugins/com.st.stm32cube.ide.mcu.externaltools.gnu-tools-for-stm32.10.3-2021.10.win32_1.0.200.202301161003/tools/bin/../lib/gcc/arm-none-eabi/10.3.1/../../../../arm-none-eabi/lib/thumb/v7-m/nofp\libc_nano.a(lib_a-impure.o)
 .ARM.attributes
                0x0000000000000000       0x2d e:/programs/st/stm32cubeide_1.10.1/stm32cubeide/plugins/com.st.stm32cube.ide.mcu.externaltools.gnu-tools-for-stm32.10.3-2021.10.win32_1.0.200.202301161003/tools/bin/../lib/gcc/arm-none-eabi/10.3.1/../../../../arm-none-eabi/lib/thumb/v7-m/nofp\libc_nano.a(lib_a-impure.o)
 .text          0x0000000000000000        0x0 e:/programs/st/stm32cubeide_1.10.1/stm32cubeide/plugins/com.st.stm32cube.ide.mcu.externaltools.gnu-tools-for-stm32.10.3-2021.10.win32_1.0.200.202301161003/tools/bin/../lib/gcc/arm-none-eabi/10.3.1/../../../../arm-none-eabi/lib/thumb/v7-m/nofp\libc_nano.a(lib_a-init.o)
 .data          0x0000000000000000        0x0 e:/programs/st/stm32cubeide_1.10.1/stm32cubeide/plugins/com.st.stm32cube.ide.mcu.externaltools.gnu-tools-for-stm32.10.3-2021.10.win32_1.0.200.202301161003/tools/bin/../lib/gcc/arm-none-eabi/10.3.1/../../../../arm-none-eabi/lib/thumb/v7-m/nofp\libc_nano.a(lib_a-init.o)
 .bss           0x0000000000000000        0x0 e:/programs/st/stm32cubeide_1.10.1/stm32cubeide/plugins/com.st.stm32cube.ide.mcu.externaltools.gnu-tools-for-stm32.10.3-2021.10.win32_1.0.200.202301161003/tools/bin/../lib/gcc/arm-none-eabi/10.3.1/../../../../arm-none-eabi/lib/thumb/v7-m/nofp\libc_nano.a(lib_a-init.o)
 .text          0x0000000000000000        0x0 e:/programs/st/stm32cubeide_1.10.1/stm32cubeide/plugins/com.st.stm32cube.ide.mcu.externaltools.gnu-tools-for-stm32.10.3-2021.10.win32_1.0.200.202301161003/tools/bin/../lib/gcc/arm-none-eabi/10.3.1/../../../../arm-none-eabi/lib/thumb/v7-m/nofp\libc_nano.a(lib_a-memset.o)
 .data          0x0000000000000000        0x0 e:/programs/st/stm32cubeide_1.10.1/stm32cubeide/plugins/com.st.stm32cube.ide.mcu.externaltools.gnu-tools-for-stm32.10.3-2021.10.win32_1.0.200.202301161003/tools/bin/../lib/gcc/arm-none-eabi/10.3.1/../../../../arm-none-eabi/lib/thumb/v7-m/nofp\libc_nano.a(lib_a-memset.o)
 .bss           0x0000000000000000        0x0 e:/programs/st/stm32cubeide_1.10.1/stm32cubeide/plugins/com.st.stm32cube.ide.mcu.externaltools.gnu-tools-for-stm32.10.3-2021.10.win32_1.0.200.202301161003/tools/bin/../lib/gcc/arm-none-eabi/10.3.1/../../../../arm-none-eabi/lib/thumb/v7-m/nofp\libc_nano.a(lib_a-memset.o)
 .text.memset   0x0000000000000000       0x10 e:/programs/st/stm32cubeide_1.10.1/stm32cubeide/plugins/com.st.stm32cube.ide.mcu.externaltools.gnu-tools-for-stm32.10.3-2021.10.win32_1.0.200.202301161003/tools/bin/../lib/gcc/arm-none-eabi/10.3.1/../../../../arm-none-eabi/lib/thumb/v7-m/nofp\libc_nano.a(lib_a-memset.o)
 .debug_frame   0x0000000000000000       0x20 e:/programs/st/stm32cubeide_1.10.1/stm32cubeide/plugins/com.st.stm32cube.ide.mcu.externaltools.gnu-tools-for-stm32.10.3-2021.10.win32_1.0.200.202301161003/tools/bin/../lib/gcc/arm-none-eabi/10.3.1/../../../../arm-none-eabi/lib/thumb/v7-m/nofp\libc_nano.a(lib_a-memset.o)
 .ARM.attributes
                0x0000000000000000       0x2d e:/programs/st/stm32cubeide_1.10.1/stm32cubeide/plugins/com.st.stm32cube.ide.mcu.externaltools.gnu-tools-for-stm32.10.3-2021.10.win32_1.0.200.202301161003/tools/bin/../lib/gcc/arm-none-eabi/10.3.1/../../../../arm-none-eabi/lib/thumb/v7-m/nofp\libc_nano.a(lib_a-memset.o)
 .text          0x0000000000000000      0x254 e:/programs/st/stm32cubeide_1.10.1/stm32cubeide/plugins/com.st.stm32cube.ide.mcu.externaltools.gnu-tools-for-stm32.10.3-2021.10.win32_1.0.200.202301161003/tools/bin/../lib/gcc/arm-none-eabi/10.3.1/thumb/v7-m/nofp\libgcc.a(_arm_muldf3.o)
 .data          0x0000000000000000        0x0 e:/programs/st/stm32cubeide_1.10.1/stm32cubeide/plugins/com.st.stm32cube.ide.mcu.externaltools.gnu-tools-for-stm32.10.3-2021.10.win32_1.0.200.202301161003/tools/bin/../lib/gcc/arm-none-eabi/10.3.1/thumb/v7-m/nofp\libgcc.a(_arm_muldf3.o)
 .bss           0x0000000000000000        0x0 e:/programs/st/stm32cubeide_1.10.1/stm32cubeide/plugins/com.st.stm32cube.ide.mcu.externaltools.gnu-tools-for-stm32.10.3-2021.10.win32_1.0.200.202301161003/tools/bin/../lib/gcc/arm-none-eabi/10.3.1/thumb/v7-m/nofp\libgcc.a(_arm_muldf3.o)
 .debug_frame   0x0000000000000000       0x30 e:/programs/st/stm32cubeide_1.10.1/stm32cubeide/plugins/com.st.stm32cube.ide.mcu.externaltools.gnu-tools-for-stm32.10.3-2021.10.win32_1.0.200.202301161003/tools/bin/../lib/gcc/arm-none-eabi/10.3.1/thumb/v7-m/nofp\libgcc.a(_arm_muldf3.o)
 .ARM.attributes
                0x0000000000000000       0x1d e:/programs/st/stm32cubeide_1.10.1/stm32cubeide/plugins/com.st.stm32cube.ide.mcu.externaltools.gnu-tools-for-stm32.10.3-2021.10.win32_1.0.200.202301161003/tools/bin/../lib/gcc/arm-none-eabi/10.3.1/thumb/v7-m/nofp\libgcc.a(_arm_muldf3.o)
 .text          0x0000000000000000      0x168 e:/programs/st/stm32cubeide_1.10.1/stm32cubeide/plugins/com.st.stm32cube.ide.mcu.externaltools.gnu-tools-for-stm32.10.3-2021.10.win32_1.0.200.202301161003/tools/bin/../lib/gcc/arm-none-eabi/10.3.1/thumb/v7-m/nofp\libgcc.a(_arm_mulsf3.o)
 .data          0x0000000000000000        0x0 e:/programs/st/stm32cubeide_1.10.1/stm32cubeide/plugins/com.st.stm32cube.ide.mcu.externaltools.gnu-tools-for-stm32.10.3-2021.10.win32_1.0.200.202301161003/tools/bin/../lib/gcc/arm-none-eabi/10.3.1/thumb/v7-m/nofp\libgcc.a(_arm_mulsf3.o)
 .bss           0x0000000000000000        0x0 e:/programs/st/stm32cubeide_1.10.1/stm32cubeide/plugins/com.st.stm32cube.ide.mcu.externaltools.gnu-tools-for-stm32.10.3-2021.10.win32_1.0.200.202301161003/tools/bin/../lib/gcc/arm-none-eabi/10.3.1/thumb/v7-m/nofp\libgcc.a(_arm_mulsf3.o)
 .debug_frame   0x0000000000000000       0x24 e:/programs/st/stm32cubeide_1.10.1/stm32cubeide/plugins/com.st.stm32cube.ide.mcu.externaltools.gnu-tools-for-stm32.10.3-2021.10.win32_1.0.200.202301161003/tools/bin/../lib/gcc/arm-none-eabi/10.3.1/thumb/v7-m/nofp\libgcc.a(_arm_mulsf3.o)
 .ARM.attributes
                0x0000000000000000       0x1d e:/programs/st/stm32cubeide_1.10.1/stm32cubeide/plugins/com.st.stm32cube.ide.mcu.externaltools.gnu-tools-for-stm32.10.3-2021.10.win32_1.0.200.202301161003/tools/bin/../lib/gcc/arm-none-eabi/10.3.1/thumb/v7-m/nofp\libgcc.a(_arm_mulsf3.o)
 .text          0x0000000000000000      0x378 e:/programs/st/stm32cubeide_1.10.1/stm32cubeide/plugins/com.st.stm32cube.ide.mcu.externaltools.gnu-tools-for-stm32.10.3-2021.10.win32_1.0.200.202301161003/tools/bin/../lib/gcc/arm-none-eabi/10.3.1/thumb/v7-m/nofp\libgcc.a(_arm_addsubdf3.o)
 .data          0x0000000000000000        0x0 e:/programs/st/stm32cubeide_1.10.1/stm32cubeide/plugins/com.st.stm32cube.ide.mcu.externaltools.gnu-tools-for-stm32.10.3-2021.10.win32_1.0.200.202301161003/tools/bin/../lib/gcc/arm-none-eabi/10.3.1/thumb/v7-m/nofp\libgcc.a(_arm_addsubdf3.o)
 .bss           0x0000000000000000        0x0 e:/programs/st/stm32cubeide_1.10.1/stm32cubeide/plugins/com.st.stm32cube.ide.mcu.externaltools.gnu-tools-for-stm32.10.3-2021.10.win32_1.0.200.202301161003/tools/bin/../lib/gcc/arm-none-eabi/10.3.1/thumb/v7-m/nofp\libgcc.a(_arm_addsubdf3.o)
 .debug_frame   0x0000000000000000       0xac e:/programs/st/stm32cubeide_1.10.1/stm32cubeide/plugins/com.st.stm32cube.ide.mcu.externaltools.gnu-tools-for-stm32.10.3-2021.10.win32_1.0.200.202301161003/tools/bin/../lib/gcc/arm-none-eabi/10.3.1/thumb/v7-m/nofp\libgcc.a(_arm_addsubdf3.o)
 .ARM.attributes
                0x0000000000000000       0x1d e:/programs/st/stm32cubeide_1.10.1/stm32cubeide/plugins/com.st.stm32cube.ide.mcu.externaltools.gnu-tools-for-stm32.10.3-2021.10.win32_1.0.200.202301161003/tools/bin/../lib/gcc/arm-none-eabi/10.3.1/thumb/v7-m/nofp\libgcc.a(_arm_addsubdf3.o)
 .text          0x0000000000000000      0x424 e:/programs/st/stm32cubeide_1.10.1/stm32cubeide/plugins/com.st.stm32cube.ide.mcu.externaltools.gnu-tools-for-stm32.10.3-2021.10.win32_1.0.200.202301161003/tools/bin/../lib/gcc/arm-none-eabi/10.3.1/thumb/v7-m/nofp\libgcc.a(_arm_muldivdf3.o)
 .data          0x0000000000000000        0x0 e:/programs/st/stm32cubeide_1.10.1/stm32cubeide/plugins/com.st.stm32cube.ide.mcu.externaltools.gnu-tools-for-stm32.10.3-2021.10.win32_1.0.200.202301161003/tools/bin/../lib/gcc/arm-none-eabi/10.3.1/thumb/v7-m/nofp\libgcc.a(_arm_muldivdf3.o)
 .bss           0x0000000000000000        0x0 e:/programs/st/stm32cubeide_1.10.1/stm32cubeide/plugins/com.st.stm32cube.ide.mcu.externaltools.gnu-tools-for-stm32.10.3-2021.10.win32_1.0.200.202301161003/tools/bin/../lib/gcc/arm-none-eabi/10.3.1/thumb/v7-m/nofp\libgcc.a(_arm_muldivdf3.o)
 .debug_frame   0x0000000000000000       0x50 e:/programs/st/stm32cubeide_1.10.1/stm32cubeide/plugins/com.st.stm32cube.ide.mcu.externaltools.gnu-tools-for-stm32.10.3-2021.10.win32_1.0.200.202301161003/tools/bin/../lib/gcc/arm-none-eabi/10.3.1/thumb/v7-m/nofp\libgcc.a(_arm_muldivdf3.o)
 .ARM.attributes
                0x0000000000000000       0x1d e:/programs/st/stm32cubeide_1.10.1/stm32cubeide/plugins/com.st.stm32cube.ide.mcu.externaltools.gnu-tools-for-stm32.10.3-2021.10.win32_1.0.200.202301161003/tools/bin/../lib/gcc/arm-none-eabi/10.3.1/thumb/v7-m/nofp\libgcc.a(_arm_muldivdf3.o)
 .text          0x0000000000000000       0x40 e:/programs/st/stm32cubeide_1.10.1/stm32cubeide/plugins/com.st.stm32cube.ide.mcu.externaltools.gnu-tools-for-stm32.10.3-2021.10.win32_1.0.200.202301161003/tools/bin/../lib/gcc/arm-none-eabi/10.3.1/thumb/v7-m/nofp\libgcc.a(_arm_fixunsdfsi.o)
 .data          0x0000000000000000        0x0 e:/programs/st/stm32cubeide_1.10.1/stm32cubeide/plugins/com.st.stm32cube.ide.mcu.externaltools.gnu-tools-for-stm32.10.3-2021.10.win32_1.0.200.202301161003/tools/bin/../lib/gcc/arm-none-eabi/10.3.1/thumb/v7-m/nofp\libgcc.a(_arm_fixunsdfsi.o)
 .bss           0x0000000000000000        0x0 e:/programs/st/stm32cubeide_1.10.1/stm32cubeide/plugins/com.st.stm32cube.ide.mcu.externaltools.gnu-tools-for-stm32.10.3-2021.10.win32_1.0.200.202301161003/tools/bin/../lib/gcc/arm-none-eabi/10.3.1/thumb/v7-m/nofp\libgcc.a(_arm_fixunsdfsi.o)
 .debug_frame   0x0000000000000000       0x24 e:/programs/st/stm32cubeide_1.10.1/stm32cubeide/plugins/com.st.stm32cube.ide.mcu.externaltools.gnu-tools-for-stm32.10.3-2021.10.win32_1.0.200.202301161003/tools/bin/../lib/gcc/arm-none-eabi/10.3.1/thumb/v7-m/nofp\libgcc.a(_arm_fixunsdfsi.o)
 .ARM.attributes
                0x0000000000000000       0x1d e:/programs/st/stm32cubeide_1.10.1/stm32cubeide/plugins/com.st.stm32cube.ide.mcu.externaltools.gnu-tools-for-stm32.10.3-2021.10.win32_1.0.200.202301161003/tools/bin/../lib/gcc/arm-none-eabi/10.3.1/thumb/v7-m/nofp\libgcc.a(_arm_fixunsdfsi.o)
 .text          0x0000000000000000       0x40 e:/programs/st/stm32cubeide_1.10.1/stm32cubeide/plugins/com.st.stm32cube.ide.mcu.externaltools.gnu-tools-for-stm32.10.3-2021.10.win32_1.0.200.202301161003/tools/bin/../lib/gcc/arm-none-eabi/10.3.1/thumb/v7-m/nofp\libgcc.a(_arm_fixunssfsi.o)
 .data          0x0000000000000000        0x0 e:/programs/st/stm32cubeide_1.10.1/stm32cubeide/plugins/com.st.stm32cube.ide.mcu.externaltools.gnu-tools-for-stm32.10.3-2021.10.win32_1.0.200.202301161003/tools/bin/../lib/gcc/arm-none-eabi/10.3.1/thumb/v7-m/nofp\libgcc.a(_arm_fixunssfsi.o)
 .bss           0x0000000000000000        0x0 e:/programs/st/stm32cubeide_1.10.1/stm32cubeide/plugins/com.st.stm32cube.ide.mcu.externaltools.gnu-tools-for-stm32.10.3-2021.10.win32_1.0.200.202301161003/tools/bin/../lib/gcc/arm-none-eabi/10.3.1/thumb/v7-m/nofp\libgcc.a(_arm_fixunssfsi.o)
 .debug_frame   0x0000000000000000       0x24 e:/programs/st/stm32cubeide_1.10.1/stm32cubeide/plugins/com.st.stm32cube.ide.mcu.externaltools.gnu-tools-for-stm32.10.3-2021.10.win32_1.0.200.202301161003/tools/bin/../lib/gcc/arm-none-eabi/10.3.1/thumb/v7-m/nofp\libgcc.a(_arm_fixunssfsi.o)
 .ARM.attributes
                0x0000000000000000       0x1d e:/programs/st/stm32cubeide_1.10.1/stm32cubeide/plugins/com.st.stm32cube.ide.mcu.externaltools.gnu-tools-for-stm32.10.3-2021.10.win32_1.0.200.202301161003/tools/bin/../lib/gcc/arm-none-eabi/10.3.1/thumb/v7-m/nofp\libgcc.a(_arm_fixunssfsi.o)
 .text          0x0000000000000000        0x0 e:/programs/st/stm32cubeide_1.10.1/stm32cubeide/plugins/com.st.stm32cube.ide.mcu.externaltools.gnu-tools-for-stm32.10.3-2021.10.win32_1.0.200.202301161003/tools/bin/../lib/gcc/arm-none-eabi/10.3.1/thumb/v7-m/nofp/crtend.o
 .data          0x0000000000000000        0x0 e:/programs/st/stm32cubeide_1.10.1/stm32cubeide/plugins/com.st.stm32cube.ide.mcu.externaltools.gnu-tools-for-stm32.10.3-2021.10.win32_1.0.200.202301161003/tools/bin/../lib/gcc/arm-none-eabi/10.3.1/thumb/v7-m/nofp/crtend.o
 .bss           0x0000000000000000        0x0 e:/programs/st/stm32cubeide_1.10.1/stm32cubeide/plugins/com.st.stm32cube.ide.mcu.externaltools.gnu-tools-for-stm32.10.3-2021.10.win32_1.0.200.202301161003/tools/bin/../lib/gcc/arm-none-eabi/10.3.1/thumb/v7-m/nofp/crtend.o
 .rodata        0x0000000000000000       0x24 e:/programs/st/stm32cubeide_1.10.1/stm32cubeide/plugins/com.st.stm32cube.ide.mcu.externaltools.gnu-tools-for-stm32.10.3-2021.10.win32_1.0.200.202301161003/tools/bin/../lib/gcc/arm-none-eabi/10.3.1/thumb/v7-m/nofp/crtend.o
 .eh_frame      0x0000000000000000        0x4 e:/programs/st/stm32cubeide_1.10.1/stm32cubeide/plugins/com.st.stm32cube.ide.mcu.externaltools.gnu-tools-for-stm32.10.3-2021.10.win32_1.0.200.202301161003/tools/bin/../lib/gcc/arm-none-eabi/10.3.1/thumb/v7-m/nofp/crtend.o
 .ARM.attributes
                0x0000000000000000       0x2d e:/programs/st/stm32cubeide_1.10.1/stm32cubeide/plugins/com.st.stm32cube.ide.mcu.externaltools.gnu-tools-for-stm32.10.3-2021.10.win32_1.0.200.202301161003/tools/bin/../lib/gcc/arm-none-eabi/10.3.1/thumb/v7-m/nofp/crtend.o
 .text          0x0000000000000000        0x0 e:/programs/st/stm32cubeide_1.10.1/stm32cubeide/plugins/com.st.stm32cube.ide.mcu.externaltools.gnu-tools-for-stm32.10.3-2021.10.win32_1.0.200.202301161003/tools/bin/../lib/gcc/arm-none-eabi/10.3.1/thumb/v7-m/nofp/crtn.o
 .data          0x0000000000000000        0x0 e:/programs/st/stm32cubeide_1.10.1/stm32cubeide/plugins/com.st.stm32cube.ide.mcu.externaltools.gnu-tools-for-stm32.10.3-2021.10.win32_1.0.200.202301161003/tools/bin/../lib/gcc/arm-none-eabi/10.3.1/thumb/v7-m/nofp/crtn.o
 .bss           0x0000000000000000        0x0 e:/programs/st/stm32cubeide_1.10.1/stm32cubeide/plugins/com.st.stm32cube.ide.mcu.externaltools.gnu-tools-for-stm32.10.3-2021.10.win32_1.0.200.202301161003/tools/bin/../lib/gcc/arm-none-eabi/10.3.1/thumb/v7-m/nofp/crtn.o

Memory Configuration

Name             Origin             Length             Attributes
RAM              0x0000000020000000 0x0000000000005000 xrw
FLASH            0x0000000008000000 0x0000000000010000 xr
*default*        0x0000000000000000 0xffffffffffffffff

Linker script and memory map

LOAD e:/programs/st/stm32cubeide_1.10.1/stm32cubeide/plugins/com.st.stm32cube.ide.mcu.externaltools.gnu-tools-for-stm32.10.3-2021.10.win32_1.0.200.202301161003/tools/bin/../lib/gcc/arm-none-eabi/10.3.1/thumb/v7-m/nofp/crti.o
LOAD e:/programs/st/stm32cubeide_1.10.1/stm32cubeide/plugins/com.st.stm32cube.ide.mcu.externaltools.gnu-tools-for-stm32.10.3-2021.10.win32_1.0.200.202301161003/tools/bin/../lib/gcc/arm-none-eabi/10.3.1/thumb/v7-m/nofp/crtbegin.o
LOAD e:/programs/st/stm32cubeide_1.10.1/stm32cubeide/plugins/com.st.stm32cube.ide.mcu.externaltools.gnu-tools-for-stm32.10.3-2021.10.win32_1.0.200.202301161003/tools/bin/../lib/gcc/arm-none-eabi/10.3.1/../../../../arm-none-eabi/lib/thumb/v7-m/nofp/crt0.o
LOAD ./Src/AFIO_program.o
LOAD ./Src/EXTI_program.o
LOAD ./Src/GPIO_program.o
LOAD ./Src/GPT_program.o
LOAD ./Src/NVIC_program.o
LOAD ./Src/RCC_program.o
LOAD ./Src/SCB_program.o
LOAD ./Src/SYSTICK_program.o
LOAD ./Src/main.o
LOAD ./Src/syscalls.o
LOAD ./Src/sysmem.o
LOAD ./Startup/startup_stm32f103c8tx.o
START GROUP
LOAD e:/programs/st/stm32cubeide_1.10.1/stm32cubeide/plugins/com.st.stm32cube.ide.mcu.externaltools.gnu-tools-for-stm32.10.3-2021.10.win32_1.0.200.202301161003/tools/bin/../lib/gcc/arm-none-eabi/10.3.1/../../../../arm-none-eabi/lib/thumb/v7-m/nofp\libc_nano.a
LOAD e:/programs/st/stm32cubeide_1.10.1/stm32cubeide/plugins/com.st.stm32cube.ide.mcu.externaltools.gnu-tools-for-stm32.10.3-2021.10.win32_1.0.200.202301161003/tools/bin/../lib/gcc/arm-none-eabi/10.3.1/../../../../arm-none-eabi/lib/thumb/v7-m/nofp\libm.a
END GROUP
START GROUP
LOAD e:/programs/st/stm32cubeide_1.10.1/stm32cubeide/plugins/com.st.stm32cube.ide.mcu.externaltools.gnu-tools-for-stm32.10.3-2021.10.win32_1.0.200.202301161003/tools/bin/../lib/gcc/arm-none-eabi/10.3.1/thumb/v7-m/nofp\libgcc.a
LOAD e:/programs/st/stm32cubeide_1.10.1/stm32cubeide/plugins/com.st.stm32cube.ide.mcu.externaltools.gnu-tools-for-stm32.10.3-2021.10.win32_1.0.200.202301161003/tools/bin/../lib/gcc/arm-none-eabi/10.3.1/../../../../arm-none-eabi/lib/thumb/v7-m/nofp\libc_nano.a
END GROUP
START GROUP
LOAD e:/programs/st/stm32cubeide_1.10.1/stm32cubeide/plugins/com.st.stm32cube.ide.mcu.externaltools.gnu-tools-for-stm32.10.3-2021.10.win32_1.0.200.202301161003/tools/bin/../lib/gcc/arm-none-eabi/10.3.1/thumb/v7-m/nofp\libgcc.a
LOAD e:/programs/st/stm32cubeide_1.10.1/stm32cubeide/plugins/com.st.stm32cube.ide.mcu.externaltools.gnu-tools-for-stm32.10.3-2021.10.win32_1.0.200.202301161003/tools/bin/../lib/gcc/arm-none-eabi/10.3.1/../../../../arm-none-eabi/lib/thumb/v7-m/nofp\libc_nano.a
LOAD e:/programs/st/stm32cubeide_1.10.1/stm32cubeide/plugins/com.st.stm32cube.ide.mcu.externaltools.gnu-tools-for-stm32.10.3-2021.10.win32_1.0.200.202301161003/tools/bin/../lib/gcc/arm-none-eabi/10.3.1/../../../../arm-none-eabi/lib/thumb/v7-m/nofp\libnosys.a
END GROUP
START GROUP
LOAD e:/programs/st/stm32cubeide_1.10.1/stm32cubeide/plugins/com.st.stm32cube.ide.mcu.externaltools.gnu-tools-for-stm32.10.3-2021.10.win32_1.0.200.202301161003/tools/bin/../lib/gcc/arm-none-eabi/10.3.1/thumb/v7-m/nofp\libgcc.a
LOAD e:/programs/st/stm32cubeide_1.10.1/stm32cubeide/plugins/com.st.stm32cube.ide.mcu.externaltools.gnu-tools-for-stm32.10.3-2021.10.win32_1.0.200.202301161003/tools/bin/../lib/gcc/arm-none-eabi/10.3.1/../../../../arm-none-eabi/lib/thumb/v7-m/nofp\libc_nano.a
LOAD e:/programs/st/stm32cubeide_1.10.1/stm32cubeide/plugins/com.st.stm32cube.ide.mcu.externaltools.gnu-tools-for-stm32.10.3-2021.10.win32_1.0.200.202301161003/tools/bin/../lib/gcc/arm-none-eabi/10.3.1/../../../../arm-none-eabi/lib/thumb/v7-m/nofp\libnosys.a
END GROUP
LOAD e:/programs/st/stm32cubeide_1.10.1/stm32cubeide/plugins/com.st.stm32cube.ide.mcu.externaltools.gnu-tools-for-stm32.10.3-2021.10.win32_1.0.200.202301161003/tools/bin/../lib/gcc/arm-none-eabi/10.3.1/thumb/v7-m/nofp/crtend.o
LOAD e:/programs/st/stm32cubeide_1.10.1/stm32cubeide/plugins/com.st.stm32cube.ide.mcu.externaltools.gnu-tools-for-stm32.10.3-2021.10.win32_1.0.200.202301161003/tools/bin/../lib/gcc/arm-none-eabi/10.3.1/thumb/v7-m/nofp/crtn.o
                0x0000000020005000                _estack = (ORIGIN (RAM) + LENGTH (RAM))
                0x0000000000000200                _Min_Heap_Size = 0x200
                0x0000000000000400                _Min_Stack_Size = 0x400

.isr_vector     0x0000000008000000      0x130
                0x0000000008000000                . = ALIGN (0x4)
 *(.isr_vector)
 .isr_vector    0x0000000008000000      0x130 ./Startup/startup_stm32f103c8tx.o
                0x0000000008000000                g_pfnVectors
                0x0000000008000130                . = ALIGN (0x4)

.text           0x0000000008000130      0xb90
                0x0000000008000130                . = ALIGN (0x4)
 *(.text)
 .text          0x0000000008000130       0x40 e:/programs/st/stm32cubeide_1.10.1/stm32cubeide/plugins/com.st.stm32cube.ide.mcu.externaltools.gnu-tools-for-stm32.10.3-2021.10.win32_1.0.200.202301161003/tools/bin/../lib/gcc/arm-none-eabi/10.3.1/thumb/v7-m/nofp/crtbegin.o
 *(.text*)
 .text.EXTI0_IRQHandler
                0x0000000008000170       0x14 ./Src/EXTI_program.o
                0x0000000008000170                EXTI0_IRQHandler
 .text.EXTI1_IRQHandler
                0x0000000008000184       0x14 ./Src/EXTI_program.o
                0x0000000008000184                EXTI1_IRQHandler
 .text.EXTI2_IRQHandler
                0x0000000008000198       0x14 ./Src/EXTI_program.o
                0x0000000008000198                EXTI2_IRQHandler
 .text.EXTI3_IRQHandler
                0x00000000080001ac       0x14 ./Src/EXTI_program.o
                0x00000000080001ac                EXTI3_IRQHandler
 .text.EXTI4_IRQHandler
                0x00000000080001c0       0x14 ./Src/EXTI_program.o
                0x00000000080001c0                EXTI4_IRQHandler
 .text.MCAL_GPIO_SetPinMode
                0x00000000080001d4      0x1bc ./Src/GPIO_program.o
                0x00000000080001d4                MCAL_GPIO_SetPinMode
 .text.MCAL_GPIO_SetPinValue
                0x0000000008000390      0x120 ./Src/GPIO_program.o
                0x0000000008000390                MCAL_GPIO_SetPinValue
 .text.GPT_TIMx_init
                0x00000000080004b0       0x82 ./Src/GPT_program.o
                0x00000000080004b0                GPT_TIMx_init
 *fill*         0x0000000008000532        0x2 
 .text.GPT_TIMx_SetCountDIR
                0x0000000008000534       0xe0 ./Src/GPT_program.o
                0x0000000008000534                GPT_TIMx_SetCountDIR
 .text.GPT_TIMx_SetPreScalar
                0x0000000008000614       0x34 ./Src/GPT_program.o
                0x0000000008000614                GPT_TIMx_SetPreScalar
 .text.GPT_TIMx_SetPeriod
                0x0000000008000648       0x34 ./Src/GPT_program.o
                0x0000000008000648                GPT_TIMx_SetPeriod
 .text.GPT_TIMx_SetClkDiv
                0x000000000800067c       0xfc ./Src/GPT_program.o
                0x000000000800067c                GPT_TIMx_SetClkDiv
 .text.GPT_TIMx_SetARRBuffer
                0x0000000008000778       0x7c ./Src/GPT_program.o
                0x0000000008000778                GPT_TIMx_SetARRBuffer
 .text.GPT_TIMx_SetInterrupt
                0x00000000080007f4       0x7c ./Src/GPT_program.o
                0x00000000080007f4                GPT_TIMx_SetInterrupt
 .text.GPT_TIMx_SetBusyWait
                0x0000000008000870       0xcc ./Src/GPT_program.o
                0x0000000008000870                GPT_TIMx_SetBusyWait
 .text.TIM1_UP_IRQHandler
                0x000000000800093c       0x6c ./Src/GPT_program.o
                0x000000000800093c                TIM1_UP_IRQHandler
 .text.GPT_TIMx_PWM_SetAllignmentMode
                0x00000000080009a8       0xac ./Src/GPT_program.o
                0x00000000080009a8                GPT_TIMx_PWM_SetAllignmentMode
 .text.MCAL_RCC_InitSysClock
                0x0000000008000a54       0x54 ./Src/RCC_program.o
                0x0000000008000a54                MCAL_RCC_InitSysClock
 .text.MCAL_Rcc_EnablePrephiral
                0x0000000008000aa8       0x90 ./Src/RCC_program.o
                0x0000000008000aa8                MCAL_Rcc_EnablePrephiral
 .text.SysTick_Handler
                0x0000000008000b38       0x5c ./Src/SYSTICK_program.o
                0x0000000008000b38                SysTick_Handler
 .text.main     0x0000000008000b94       0x78 ./Src/main.o
                0x0000000008000b94                main
 .text.Reset_Handler
                0x0000000008000c0c       0x50 ./Startup/startup_stm32f103c8tx.o
                0x0000000008000c0c                Reset_Handler
 .text.Default_Handler
                0x0000000008000c5c        0x2 ./Startup/startup_stm32f103c8tx.o
                0x0000000008000c5c                TIM8_TRG_COM_IRQHandler
                0x0000000008000c5c                TIM8_CC_IRQHandler
                0x0000000008000c5c                DebugMon_Handler
                0x0000000008000c5c                TIM1_CC_IRQHandler
                0x0000000008000c5c                HardFault_Handler
                0x0000000008000c5c                TIM6_IRQHandler
                0x0000000008000c5c                PVD_IRQHandler
                0x0000000008000c5c                SDIO_IRQHandler
                0x0000000008000c5c                PendSV_Handler
                0x0000000008000c5c                NMI_Handler
                0x0000000008000c5c                USB_HP_CAN_TX_IRQHandler
                0x0000000008000c5c                I2C2_EV_IRQHandler
                0x0000000008000c5c                UsageFault_Handler
                0x0000000008000c5c                ADC1_2_IRQHandler
                0x0000000008000c5c                SPI1_IRQHandler
                0x0000000008000c5c                CAN_SCE_IRQHandler
                0x0000000008000c5c                TAMPER_IRQHandler
                0x0000000008000c5c                TIM8_UP_IRQHandler
                0x0000000008000c5c                DMA2_Channel2_IRQHandler
                0x0000000008000c5c                DMA1_Channel4_IRQHandler
                0x0000000008000c5c                USART3_IRQHandler
                0x0000000008000c5c                RTC_IRQHandler
                0x0000000008000c5c                DMA1_Channel7_IRQHandler
                0x0000000008000c5c                UART5_IRQHandler
                0x0000000008000c5c                ADC3_IRQHandler
                0x0000000008000c5c                TIM4_IRQHandler
                0x0000000008000c5c                CAN_RX1_IRQHandler
                0x0000000008000c5c                DMA2_Channel1_IRQHandler
                0x0000000008000c5c                I2C1_EV_IRQHandler
                0x0000000008000c5c                DMA1_Channel6_IRQHandler
                0x0000000008000c5c                UART4_IRQHandler
                0x0000000008000c5c                TIM3_IRQHandler
                0x0000000008000c5c                RCC_IRQHandler
                0x0000000008000c5c                TIM1_TRG_COM_IRQHandler
                0x0000000008000c5c                DMA1_Channel1_IRQHandler
                0x0000000008000c5c                Default_Handler
                0x0000000008000c5c                EXTI15_10_IRQHandler
                0x0000000008000c5c                TIM7_IRQHandler
                0x0000000008000c5c                TIM5_IRQHandler
                0x0000000008000c5c                EXTI9_5_IRQHandler
                0x0000000008000c5c                SPI2_IRQHandler
                0x0000000008000c5c                USB_LP_CAN_RX0_IRQHandler
                0x0000000008000c5c                MemManage_Handler
                0x0000000008000c5c                SVC_Handler
                0x0000000008000c5c                DMA1_Channel5_IRQHandler
                0x0000000008000c5c                DMA1_Channel3_IRQHandler
                0x0000000008000c5c                FSMC_IRQHandler
                0x0000000008000c5c                WWDG_IRQHandler
                0x0000000008000c5c                TIM2_IRQHandler
                0x0000000008000c5c                TIM1_BRK_IRQHandler
                0x0000000008000c5c                RTCAlarm_IRQHandler
                0x0000000008000c5c                DMA2_Channel4_5_IRQHandler
                0x0000000008000c5c                USART2_IRQHandler
                0x0000000008000c5c                I2C2_ER_IRQHandler
                0x0000000008000c5c                DMA1_Channel2_IRQHandler
                0x0000000008000c5c                TIM8_BRK_IRQHandler
                0x0000000008000c5c                FLASH_IRQHandler
                0x0000000008000c5c                BusFault_Handler
                0x0000000008000c5c                USART1_IRQHandler
                0x0000000008000c5c                SPI3_IRQHandler
                0x0000000008000c5c                I2C1_ER_IRQHandler
                0x0000000008000c5c                DMA2_Channel3_IRQHandler
 *fill*         0x0000000008000c5e        0x2 
 .text.__libc_init_array
                0x0000000008000c60       0x48 e:/programs/st/stm32cubeide_1.10.1/stm32cubeide/plugins/com.st.stm32cube.ide.mcu.externaltools.gnu-tools-for-stm32.10.3-2021.10.win32_1.0.200.202301161003/tools/bin/../lib/gcc/arm-none-eabi/10.3.1/../../../../arm-none-eabi/lib/thumb/v7-m/nofp\libc_nano.a(lib_a-init.o)
                0x0000000008000c60                __libc_init_array
 *(.glue_7)
 .glue_7        0x0000000008000ca8        0x0 linker stubs
 *(.glue_7t)
 .glue_7t       0x0000000008000ca8        0x0 linker stubs
 *(.eh_frame)
 .eh_frame      0x0000000008000ca8        0x0 e:/programs/st/stm32cubeide_1.10.1/stm32cubeide/plugins/com.st.stm32cube.ide.mcu.externaltools.gnu-tools-for-stm32.10.3-2021.10.win32_1.0.200.202301161003/tools/bin/../lib/gcc/arm-none-eabi/10.3.1/thumb/v7-m/nofp/crtbegin.o
 *(.init)
 .init          0x0000000008000ca8        0x4 e:/programs/st/stm32cubeide_1.10.1/stm32cubeide/plugins/com.st.stm32cube.ide.mcu.externaltools.gnu-tools-for-stm32.10.3-2021.10.win32_1.0.200.202301161003/tools/bin/../lib/gcc/arm-none-eabi/10.3.1/thumb/v7-m/nofp/crti.o
                0x0000000008000ca8                _init
 .init          0x0000000008000cac        0x8 e:/programs/st/stm32cubeide_1.10.1/stm32cubeide/plugins/com.st.stm32cube.ide.mcu.externaltools.gnu-tools-for-stm32.10.3-2021.10.win32_1.0.200.202301161003/tools/bin/../lib/gcc/arm-none-eabi/10.3.1/thumb/v7-m/nofp/crtn.o
 *(.fini)
 .fini          0x0000000008000cb4        0x4 e:/programs/st/stm32cubeide_1.10.1/stm32cubeide/plugins/com.st.stm32cube.ide.mcu.externaltools.gnu-tools-for-stm32.10.3-2021.10.win32_1.0.200.202301161003/tools/bin/../lib/gcc/arm-none-eabi/10.3.1/thumb/v7-m/nofp/crti.o
                0x0000000008000cb4                _fini
 .fini          0x0000000008000cb8        0x8 e:/programs/st/stm32cubeide_1.10.1/stm32cubeide/plugins/com.st.stm32cube.ide.mcu.externaltools.gnu-tools-for-stm32.10.3-2021.10.win32_1.0.200.202301161003/tools/bin/../lib/gcc/arm-none-eabi/10.3.1/thumb/v7-m/nofp/crtn.o
                0x0000000008000cc0                . = ALIGN (0x4)
                0x0000000008000cc0                _etext = .

.vfp11_veneer   0x0000000008000cc0        0x0
 .vfp11_veneer  0x0000000008000cc0        0x0 linker stubs

.v4_bx          0x0000000008000cc0        0x0
 .v4_bx         0x0000000008000cc0        0x0 linker stubs

.iplt           0x0000000008000cc0        0x0
 .iplt          0x0000000008000cc0        0x0 e:/programs/st/stm32cubeide_1.10.1/stm32cubeide/plugins/com.st.stm32cube.ide.mcu.externaltools.gnu-tools-for-stm32.10.3-2021.10.win32_1.0.200.202301161003/tools/bin/../lib/gcc/arm-none-eabi/10.3.1/thumb/v7-m/nofp/crtbegin.o

.rodata         0x0000000008000cc0        0x8
                0x0000000008000cc0                . = ALIGN (0x4)
 *(.rodata)
 .rodata        0x0000000008000cc0        0x8 ./Src/main.o
 *(.rodata*)
                0x0000000008000cc8                . = ALIGN (0x4)

.rel.dyn        0x0000000008000cc8        0x0
 .rel.iplt      0x0000000008000cc8        0x0 e:/programs/st/stm32cubeide_1.10.1/stm32cubeide/plugins/com.st.stm32cube.ide.mcu.externaltools.gnu-tools-for-stm32.10.3-2021.10.win32_1.0.200.202301161003/tools/bin/../lib/gcc/arm-none-eabi/10.3.1/thumb/v7-m/nofp/crtbegin.o

.ARM.extab      0x0000000008000cc8        0x0
                0x0000000008000cc8                . = ALIGN (0x4)
 *(.ARM.extab* .gnu.linkonce.armextab.*)
                0x0000000008000cc8                . = ALIGN (0x4)

.ARM            0x0000000008000cc8        0x0
                0x0000000008000cc8                . = ALIGN (0x4)
                0x0000000008000cc8                __exidx_start = .
 *(.ARM.exidx*)
                0x0000000008000cc8                __exidx_end = .
                0x0000000008000cc8                . = ALIGN (0x4)

.preinit_array  0x0000000008000cc8        0x0
                0x0000000008000cc8                . = ALIGN (0x4)
                0x0000000008000cc8                PROVIDE (__preinit_array_start = .)
 *(.preinit_array*)
                0x0000000008000cc8                PROVIDE (__preinit_array_end = .)
                0x0000000008000cc8                . = ALIGN (0x4)

.init_array     0x0000000008000cc8        0x4
                0x0000000008000cc8                . = ALIGN (0x4)
                0x0000000008000cc8                PROVIDE (__init_array_start = .)
 *(SORT_BY_NAME(.init_array.*))
 *(.init_array*)
 .init_array    0x0000000008000cc8        0x4 e:/programs/st/stm32cubeide_1.10.1/stm32cubeide/plugins/com.st.stm32cube.ide.mcu.externaltools.gnu-tools-for-stm32.10.3-2021.10.win32_1.0.200.202301161003/tools/bin/../lib/gcc/arm-none-eabi/10.3.1/thumb/v7-m/nofp/crtbegin.o
                0x0000000008000ccc                PROVIDE (__init_array_end = .)
                0x0000000008000ccc                . = ALIGN (0x4)

.fini_array     0x0000000008000ccc        0x4
                0x0000000008000ccc                . = ALIGN (0x4)
                [!provide]                        PROVIDE (__fini_array_start = .)
 *(SORT_BY_NAME(.fini_array.*))
 *(.fini_array*)
 .fini_array    0x0000000008000ccc        0x4 e:/programs/st/stm32cubeide_1.10.1/stm32cubeide/plugins/com.st.stm32cube.ide.mcu.externaltools.gnu-tools-for-stm32.10.3-2021.10.win32_1.0.200.202301161003/tools/bin/../lib/gcc/arm-none-eabi/10.3.1/thumb/v7-m/nofp/crtbegin.o
                [!provide]                        PROVIDE (__fini_array_end = .)
                0x0000000008000cd0                . = ALIGN (0x4)
                0x0000000008000cd0                _sidata = LOADADDR (.data)

.data           0x0000000020000000       0x10 load address 0x0000000008000cd0
                0x0000000020000000                . = ALIGN (0x4)
                0x0000000020000000                _sdata = .
 *(.data)
 *(.data*)
 .data.TIM      0x0000000020000000       0x10 ./Src/GPT_program.o
                0x0000000020000000                TIM
 *(.RamFunc)
 *(.RamFunc*)
                0x0000000020000010                . = ALIGN (0x4)
                0x0000000020000010                _edata = .

.igot.plt       0x0000000020000010        0x0 load address 0x0000000008000ce0
 .igot.plt      0x0000000020000010        0x0 e:/programs/st/stm32cubeide_1.10.1/stm32cubeide/plugins/com.st.stm32cube.ide.mcu.externaltools.gnu-tools-for-stm32.10.3-2021.10.win32_1.0.200.202301161003/tools/bin/../lib/gcc/arm-none-eabi/10.3.1/thumb/v7-m/nofp/crtbegin.o
                0x0000000020000010                . = ALIGN (0x4)

.bss            0x0000000020000010       0x6c load address 0x0000000008000ce0
                0x0000000020000010                _sbss = .
                0x0000000020000010                __bss_start__ = _sbss
 *(.bss)
 .bss           0x0000000020000010       0x1c e:/programs/st/stm32cubeide_1.10.1/stm32cubeide/plugins/com.st.stm32cube.ide.mcu.externaltools.gnu-tools-for-stm32.10.3-2021.10.win32_1.0.200.202301161003/tools/bin/../lib/gcc/arm-none-eabi/10.3.1/thumb/v7-m/nofp/crtbegin.o
 *(.bss*)
 .bss.EXTI_Callback
                0x000000002000002c       0x40 ./Src/EXTI_program.o
 .bss.GPT_TIM1_IntervalMode
                0x000000002000006c        0x1 ./Src/GPT_program.o
 *fill*         0x000000002000006d        0x3 
 .bss.TIM1_CallBack
                0x0000000020000070        0x4 ./Src/GPT_program.o
 .bss.SYSTICK_Callback
                0x0000000020000074        0x4 ./Src/SYSTICK_program.o
 .bss.SYSTICK_ModeOfInterval
                0x0000000020000078        0x1 ./Src/SYSTICK_program.o
 *(COMMON)
                0x000000002000007c                . = ALIGN (0x4)
 *fill*         0x0000000020000079        0x3 
                0x000000002000007c                _ebss = .
                0x000000002000007c                __bss_end__ = _ebss

._user_heap_stack
                0x000000002000007c      0x604 load address 0x0000000008000ce0
                0x0000000020000080                . = ALIGN (0x8)
 *fill*         0x000000002000007c        0x4 
                [!provide]                        PROVIDE (end = .)
                0x0000000020000080                PROVIDE (_end = .)
                0x0000000020000280                . = (. + _Min_Heap_Size)
 *fill*         0x0000000020000080      0x200 
                0x0000000020000680                . = (. + _Min_Stack_Size)
 *fill*         0x0000000020000280      0x400 
                0x0000000020000680                . = ALIGN (0x8)

/DISCARD/
 libc.a(*)
 libm.a(*)
 libgcc.a(*)

.ARM.attributes
                0x0000000000000000       0x29
 *(.ARM.attributes)
 .ARM.attributes
                0x0000000000000000       0x1d e:/programs/st/stm32cubeide_1.10.1/stm32cubeide/plugins/com.st.stm32cube.ide.mcu.externaltools.gnu-tools-for-stm32.10.3-2021.10.win32_1.0.200.202301161003/tools/bin/../lib/gcc/arm-none-eabi/10.3.1/thumb/v7-m/nofp/crti.o
 .ARM.attributes
                0x000000000000001d       0x2d e:/programs/st/stm32cubeide_1.10.1/stm32cubeide/plugins/com.st.stm32cube.ide.mcu.externaltools.gnu-tools-for-stm32.10.3-2021.10.win32_1.0.200.202301161003/tools/bin/../lib/gcc/arm-none-eabi/10.3.1/thumb/v7-m/nofp/crtbegin.o
 .ARM.attributes
                0x000000000000004a       0x2d ./Src/EXTI_program.o
 .ARM.attributes
                0x0000000000000077       0x2d ./Src/GPIO_program.o
 .ARM.attributes
                0x00000000000000a4       0x2d ./Src/GPT_program.o
 .ARM.attributes
                0x00000000000000d1       0x2d ./Src/RCC_program.o
 .ARM.attributes
                0x00000000000000fe       0x2d ./Src/SYSTICK_program.o
 .ARM.attributes
                0x000000000000012b       0x2d ./Src/main.o
 .ARM.attributes
                0x0000000000000158       0x21 ./Startup/startup_stm32f103c8tx.o
 .ARM.attributes
                0x0000000000000179       0x2d e:/programs/st/stm32cubeide_1.10.1/stm32cubeide/plugins/com.st.stm32cube.ide.mcu.externaltools.gnu-tools-for-stm32.10.3-2021.10.win32_1.0.200.202301161003/tools/bin/../lib/gcc/arm-none-eabi/10.3.1/../../../../arm-none-eabi/lib/thumb/v7-m/nofp\libc_nano.a(lib_a-init.o)
 .ARM.attributes
                0x00000000000001a6       0x1d e:/programs/st/stm32cubeide_1.10.1/stm32cubeide/plugins/com.st.stm32cube.ide.mcu.externaltools.gnu-tools-for-stm32.10.3-2021.10.win32_1.0.200.202301161003/tools/bin/../lib/gcc/arm-none-eabi/10.3.1/thumb/v7-m/nofp/crtn.o
OUTPUT(GPT_Test.elf elf32-littlearm)
LOAD linker stubs
LOAD e:/programs/st/stm32cubeide_1.10.1/stm32cubeide/plugins/com.st.stm32cube.ide.mcu.externaltools.gnu-tools-for-stm32.10.3-2021.10.win32_1.0.200.202301161003/tools/bin/../lib/gcc/arm-none-eabi/10.3.1/../../../../arm-none-eabi/lib/thumb/v7-m/nofp\libc.a
LOAD e:/programs/st/stm32cubeide_1.10.1/stm32cubeide/plugins/com.st.stm32cube.ide.mcu.externaltools.gnu-tools-for-stm32.10.3-2021.10.win32_1.0.200.202301161003/tools/bin/../lib/gcc/arm-none-eabi/10.3.1/../../../../arm-none-eabi/lib/thumb/v7-m/nofp\libm.a
LOAD e:/programs/st/stm32cubeide_1.10.1/stm32cubeide/plugins/com.st.stm32cube.ide.mcu.externaltools.gnu-tools-for-stm32.10.3-2021.10.win32_1.0.200.202301161003/tools/bin/../lib/gcc/arm-none-eabi/10.3.1/thumb/v7-m/nofp\libgcc.a

.debug_info     0x0000000000000000     0x1ef0
 .debug_info    0x0000000000000000      0x534 ./Src/EXTI_program.o
 .debug_info    0x0000000000000534      0x2fd ./Src/GPIO_program.o
 .debug_info    0x0000000000000831      0xbf1 ./Src/GPT_program.o
 .debug_info    0x0000000000001422      0x324 ./Src/RCC_program.o
 .debug_info    0x0000000000001746      0x4cc ./Src/SYSTICK_program.o
 .debug_info    0x0000000000001c12      0x2bc ./Src/main.o
 .debug_info    0x0000000000001ece       0x22 ./Startup/startup_stm32f103c8tx.o

.debug_abbrev   0x0000000000000000      0x7ac
 .debug_abbrev  0x0000000000000000      0x195 ./Src/EXTI_program.o
 .debug_abbrev  0x0000000000000195       0xe3 ./Src/GPIO_program.o
 .debug_abbrev  0x0000000000000278      0x1aa ./Src/GPT_program.o
 .debug_abbrev  0x0000000000000422       0xa7 ./Src/RCC_program.o
 .debug_abbrev  0x00000000000004c9      0x18c ./Src/SYSTICK_program.o
 .debug_abbrev  0x0000000000000655      0x145 ./Src/main.o
 .debug_abbrev  0x000000000000079a       0x12 ./Startup/startup_stm32f103c8tx.o

.debug_aranges  0x0000000000000000      0x338
 .debug_aranges
                0x0000000000000000       0xe0 ./Src/EXTI_program.o
 .debug_aranges
                0x00000000000000e0       0x48 ./Src/GPIO_program.o
 .debug_aranges
                0x0000000000000128       0xd0 ./Src/GPT_program.o
 .debug_aranges
                0x00000000000001f8       0x78 ./Src/RCC_program.o
 .debug_aranges
                0x0000000000000270       0x80 ./Src/SYSTICK_program.o
 .debug_aranges
                0x00000000000002f0       0x20 ./Src/main.o
 .debug_aranges
                0x0000000000000310       0x28 ./Startup/startup_stm32f103c8tx.o

.debug_ranges   0x0000000000000000      0x2d0
 .debug_ranges  0x0000000000000000       0xd0 ./Src/EXTI_program.o
 .debug_ranges  0x00000000000000d0       0x38 ./Src/GPIO_program.o
 .debug_ranges  0x0000000000000108       0xc0 ./Src/GPT_program.o
 .debug_ranges  0x00000000000001c8       0x68 ./Src/RCC_program.o
 .debug_ranges  0x0000000000000230       0x70 ./Src/SYSTICK_program.o
 .debug_ranges  0x00000000000002a0       0x10 ./Src/main.o
 .debug_ranges  0x00000000000002b0       0x20 ./Startup/startup_stm32f103c8tx.o

.debug_macro    0x0000000000000000      0x8ff
 .debug_macro   0x0000000000000000       0x51 ./Src/EXTI_program.o
 .debug_macro   0x0000000000000051       0xf4 ./Src/EXTI_program.o
 .debug_macro   0x0000000000000145       0x7c ./Src/EXTI_program.o
 .debug_macro   0x00000000000001c1       0x40 ./Src/EXTI_program.o
 .debug_macro   0x0000000000000201       0x3f ./Src/GPIO_program.o
 .debug_macro   0x0000000000000240       0x3a ./Src/GPIO_program.o
 .debug_macro   0x000000000000027a       0x80 ./Src/GPT_program.o
 .debug_macro   0x00000000000002fa       0x34 ./Src/GPT_program.o
 .debug_macro   0x000000000000032e      0x24d ./Src/GPT_program.o
 .debug_macro   0x000000000000057b       0x2e ./Src/GPT_program.o
 .debug_macro   0x00000000000005a9       0xd8 ./Src/GPT_program.o
 .debug_macro   0x0000000000000681       0x16 ./Src/GPT_program.o
 .debug_macro   0x0000000000000697       0x3e ./Src/RCC_program.o
 .debug_macro   0x00000000000006d5      0x11a ./Src/RCC_program.o
 .debug_macro   0x00000000000007ef       0x16 ./Src/RCC_program.o
 .debug_macro   0x0000000000000805       0x3f ./Src/SYSTICK_program.o
 .debug_macro   0x0000000000000844       0x5e ./Src/SYSTICK_program.o
 .debug_macro   0x00000000000008a2       0x16 ./Src/SYSTICK_program.o
 .debug_macro   0x00000000000008b8       0x47 ./Src/main.o

.debug_line     0x0000000000000000     0x1610
 .debug_line    0x0000000000000000      0x405 ./Src/EXTI_program.o
 .debug_line    0x0000000000000405      0x397 ./Src/GPIO_program.o
 .debug_line    0x000000000000079c      0x69d ./Src/GPT_program.o
 .debug_line    0x0000000000000e39      0x285 ./Src/RCC_program.o
 .debug_line    0x00000000000010be      0x3f8 ./Src/SYSTICK_program.o
 .debug_line    0x00000000000014b6       0xd6 ./Src/main.o
 .debug_line    0x000000000000158c       0x84 ./Startup/startup_stm32f103c8tx.o

.debug_str      0x0000000000000000     0x57c8
 .debug_str     0x0000000000000000     0x3778 ./Src/EXTI_program.o
                                       0x37ea (size before relaxing)
 .debug_str     0x0000000000003778      0x254 ./Src/GPIO_program.o
                                       0x3413 (size before relaxing)
 .debug_str     0x00000000000039cc     0x128b ./Src/GPT_program.o
                                       0x40d4 (size before relaxing)
 .debug_str     0x0000000000004c57      0x666 ./Src/RCC_program.o
                                       0x3a6f (size before relaxing)
 .debug_str     0x00000000000052bd      0x4bb ./Src/SYSTICK_program.o
                                       0x3307 (size before relaxing)
 .debug_str     0x0000000000005778       0x1f ./Src/main.o
                                       0x3a88 (size before relaxing)
 .debug_str     0x0000000000005797       0x31 ./Startup/startup_stm32f103c8tx.o
                                         0x60 (size before relaxing)

.comment        0x0000000000000000       0x50
 .comment       0x0000000000000000       0x50 ./Src/EXTI_program.o
                                         0x51 (size before relaxing)
 .comment       0x0000000000000050       0x51 ./Src/GPIO_program.o
 .comment       0x0000000000000050       0x51 ./Src/GPT_program.o
 .comment       0x0000000000000050       0x51 ./Src/RCC_program.o
 .comment       0x0000000000000050       0x51 ./Src/SYSTICK_program.o
 .comment       0x0000000000000050       0x51 ./Src/main.o

.debug_frame    0x0000000000000000      0xbe0
 .debug_frame   0x0000000000000000      0x334 ./Src/EXTI_program.o
 .debug_frame   0x0000000000000334      0x100 ./Src/GPIO_program.o
 .debug_frame   0x0000000000000434      0x364 ./Src/GPT_program.o
 .debug_frame   0x0000000000000798      0x1f0 ./Src/RCC_program.o
 .debug_frame   0x0000000000000988      0x1fc ./Src/SYSTICK_program.o
 .debug_frame   0x0000000000000b84       0x30 ./Src/main.o
 .debug_frame   0x0000000000000bb4       0x2c e:/programs/st/stm32cubeide_1.10.1/stm32cubeide/plugins/com.st.stm32cube.ide.mcu.externaltools.gnu-tools-for-stm32.10.3-2021.10.win32_1.0.200.202301161003/tools/bin/../lib/gcc/arm-none-eabi/10.3.1/../../../../arm-none-eabi/lib/thumb/v7-m/nofp\libc_nano.a(lib_a-init.o)
