../Src/SYSTICK_program.c:29:16:MCAL_SYSTICK_xINIT	24	static
../Src/SYSTICK_program.c:55:16:MCAL_SYSTICK_vINIT	16	static
../Src/SYSTICK_program.c:80:16:MCAL_SYSTICK_SetReloadValue	24	static
../Src/SYSTICK_program.c:97:16:MCAL_SYSTICK_Start	16	static
../Src/SYSTICK_program.c:106:16:MCAL_SYSTICK_Stop	16	static
../Src/SYSTICK_program.c:115:16:MCAL_SYSTICK_Reset	16	static
../Src/SYSTICK_program.c:130:16:MCAL_SYSTICK_GetRemainingCounts	24	static
../Src/SYSTICK_program.c:139:16:MCAL_SYSTICK_GetElapsedCounts	24	static
../Src/SYSTICK_program.c:161:16:MCAL_SYSTICK_DelayUS	40	static
../Src/SYSTICK_program.c:217:16:MCAL_SYSTICK_DelayMS	40	static
../Src/SYSTICK_program.c:273:16:MCAL_SYSTICK_SetIntervalSingle	24	static
../Src/SYSTICK_program.c:299:16:MCAL_SYSTICK_SetIntervalPeriodic	24	static
../Src/SYSTICK_program.c:332:6:SysTick_Handler	8	static
